******************************************************************************
            TI ARM Clang Linker PC v2.1.0                      
******************************************************************************
>> Linked Tue Sep  1 11:17:50 2026

OUTPUT FILE NAME:   <am273xDDMA/am273xDDMA_cascade_mss.xer5f>
ENTRY POINT SYMBOL: "_vectors"  address: 00000000


MEMORY CONFIGURATION

         name            origin    length      used     unused   attr    fill
----------------------  --------  ---------  --------  --------  ----  --------
  R5F_VECS              00000000   00000040  00000040  00000000  RWIX
  R5F_TCMA              00000040   00003fc0  00000000  00003fc0  RWIX
  R5F_TCMB              00080000   00004000  00000000  00004000  RWIX
  SBL_RESERVED_L2_RAM   10200000   00020000  00000000  00020000  RW  
  MSS_L2                10220000   000c8000  00083a58  000445a8  RWIX
  HWA_RAM               82000000   00020000  00000000  00020000  RW  
  DSS_L3                88000000   00390000  00006410  00389bf0  RWIX
  RTOS_NORTOS_IPC_SHM_M c5000000   00001f40  00000000  00001f40  RWIX


SEGMENT ALLOCATION MAP

run origin  load origin   length   init length attrs members
----------  ----------- ---------- ----------- ----- -------
00000000    00000000    00000040   00000040    r-x
  00000000    00000000    00000040   00000040    r-x .vectors
10220000    10220000    00058e80   00000000    rw-
  10220000    10220000    00055e80   00000000    rw- .bss
  10275e80    10275e80    00001000   00000000    rw- .sysmem
  10276e80    10276e80    00002000   00000000    rw- .stack
10278e80    10278e80    0001fde0   0001fde0    r-x
  10278e80    10278e80    00018c00   00018c00    r-x .text
  10291a80    10291a80    000071e0   000071e0    r-- .rodata
10298c80    10298c80    00008b40   00008b40    rw-
  10298c80    10298c80    00008b40   00008b40    rw- .data
102a17c0    102a17c0    00000d78   00000d78    r-x
  102a17c0    102a17c0    00000740   00000740    r-x .text.hwi
  102a1f00    102a1f00    00000430   00000430    r-x .text.cache
  102a2330    102a2330    00000208   00000208    r-x .text.mpu
102a2540    102a2540    00001538   00000138    r-x
  102a2540    102a2540    00000130   00000130    r-x .text.boot
  102a2670    102a2670    00000008   00000008    r-x .text:abort
  102a2678    102a2678    00000100   00000000    r-- .irqstack
  102a2778    102a2778    00000100   00000000    r-- .fiqstack
  102a2878    102a2878    00001000   00000000    r-- .svcstack
  102a3878    102a3878    00000100   00000000    r-- .abortstack
  102a3978    102a3978    00000100   00000000    r-- .undefinedstack
88000000    88000000    00004010   00000000    rw-
  88000000    88000000    00004010   00000000    rw- .l3ram
88004040    88004040    00002400   00000000    rw-
  88004040    88004040    00002400   00000000    rw- .MCPILogBuffer


SECTION ALLOCATION MAP

 output                                  attributes/
section   page    origin      length       input sections
--------  ----  ----------  ----------   ----------------
.vectors   0    00000000    00000040     
                  00000000    00000040     freertos.am273x.r5f.ti-arm-clang.release.lib : HwiP_armv7r_vectors_freertos_asm.obj (.vectors)

.bss       0    10220000    00055e80     UNINITIALIZED
                  10220000    00020000     (.common:gAppTskStackMain)
                  10240000    00020000     (.common:gCsiRxCfgTskStack)
                  10260000    00010000     (.common:gMmwCtrlTskStack)
                  10270000    00001008     (.common:gHwiCtrl)
                  10271008    00001000     freertos.am273x.r5f.ti-arm-clang.release.lib : port.obj (.bss.uxIdleTaskStack)
                  10272008    00001000     (.common:gReadBuf)
                  10273008    00000038     (.common:gClockCtrl)
                  10273040    00000800     libmmwave_cascade_am273x.aer5f : mmwave_link_common.oer5f (.bss.gBpmHeapMem)
                  10273840    0000063c     ti_drivers_config.oer5f (.bss.gMibspiObjects)
                  10273e7c    000004f4     (.common:gMMWave_MCB)
                  10274370    00000400     freertos.am273x.r5f.ti-arm-clang.release.lib : port.obj (.bss.uxTimerTaskStack)
                  10274770    00000400     (.common:gWriteBuf)
                  10274b70    00000280                                                  : tasks.obj (.bss.pxReadyTasksLists)
                  10274df0    00000238     ti_drivers_config.oer5f (.bss.gCsirxObjects)
                  10275028    00000138     ti_drivers_config.oer5f (.bss.gEdmaObjects)
                  10275160    00000130     (.common:gCSIRXState)
                  10275290    00000120     libsysbm.a : trgmsg.c.obj (.bss:_CIOBUF_)
                  102753b0    00000100     uart_go.oer5f (.bss.UartGo_printf.buf)
                  102754b0    00000100     freertos.am273x.r5f.ti-arm-clang.release.lib : timers.obj (.bss.prvCheckForValidListAndQueue.ucStaticTimerQueueStorage)
                  102755b0    00000100     (.common:xQueueRegistry)
                  102756b0    000000a0     (.common:__TI_tmpnams)
                  10275750    000000a0     (.common:gTaskP_ctrl)
                  102757f0    00000098                                                  : DebugP_freertos.obj (.bss.gDebugLogLockObj)
                  10275888    0000008c                                                  : port.obj (.bss.xIdleTaskTCB)
                  10275914    0000008c                                                  : port.obj (.bss.xTimerTaskTCB)
                  102759a0    0000008c     (.common:gAppTaskObj)
                  10275a2c    0000008c     (.common:gCsiConfigTaskObj)
                  10275ab8    0000008c     (.common:gMmwCtrlTaskObj)
                  10275b44    00000080     libmmwave_cascade_am273x.aer5f : mmwave_link_common.oer5f (.bss.gBpmHeapObj)
                  10275bc4    00000080                                    : mmwave_fullcfg.oer5f (.bss.gMmwHeapObj)
                  10275c44    00000080     (.common:gCbuffObject)
                  10275cc4    00000050     freertos.am273x.r5f.ti-arm-clang.release.lib : timers.obj (.bss.prvCheckForValidListAndQueue.xStaticTimerQueue)
                  10275d14    00000050     (.common:gRovDummyQueue)
                  10275d64    00000040     (.common:gAsyncLog)
                  10275da4    00000040     (.common:gGpioHwiObject)
                  10275de4    00000018     (.common:gTemp1)
                  10275dfc    00000018     (.common:gTemp2)
                  10275e14    00000010     (.common:virtToPhymap)
                  10275e24    0000000c     (.common:gEdmaHandle)
                  10275e30    0000000c     (.common:gMibspiHandle)
                  10275e3c    00000008     (.common:gCSIRXErrorCode)
                  10275e44    00000008     (.common:parmbuf)
                  10275e4c    00000004                                                  : HwiP_armv7r_handlers_freertos.obj (.bss.gdummy)
                  10275e50    00000004                                                  : HwiP_armv7r_vim.obj (.bss.gdummy)
                  10275e54    00000004     libc.a : memory.c.obj (.bss.sys_free)
                  10275e58    00000004     (.common:gAppTask)
                  10275e5c    00000004     (.common:gCsiConfigTask)
                  10275e60    00000004     (.common:gMmwCtrlTask)
                  10275e64    0000001c     --HOLE--

.sysmem    0    10275e80    00001000     UNINITIALIZED
                  10275e80    00000010     libc.a : memory.c.obj (.sysmem)
                  10275e90    00000ff0     --HOLE--

.stack     0    10276e80    00002000     UNINITIALIZED
                  10276e80    00000004     freertos.am273x.r5f.ti-arm-clang.release.lib : boot_armv7r_asm.obj (.stack)
                  10276e84    00001ffc     --HOLE--

.text      0    10278e80    00018c00     
                  10278e80    000015e2     libmmwave_cascade_am273x.aer5f : mmwave_link_common.oer5f (.text.MMWave_configLink)
                  1027a462    00000002     freertos.am273x.r5f.ti-arm-clang.release.lib : AddrTranslateP_null.obj (.text.AddrTranslateP_getLocalAddr)
                  1027a464    00000fe8     libc.a : _printfi.c.obj (.text:__TI_printfi)
                  1027b44c    00000004     drivers.am273x.r5f.ti-arm-clang.release.lib : cbuff_lvds.obj (.text.CBUFF_deinitLVDS)
                  1027b450    00000ada     libmmwave_cascade_am273x.aer5f : mmwave_link_spi_22xx.oer5f (.text.MMWave_openLink)
                  1027bf2a    00000006     drivers.am273x.r5f.ti-arm-clang.release.lib : csirx.obj (.text.CSIRX_contextDisable)
                  1027bf30    000009ec     main_mss.oer5f (.text.main)
                  1027c91c    00000004     freertos.am273x.r5f.ti-arm-clang.release.lib : ClockP_freertos_r5.obj (.text.ClockP_getTimerCount)
                  1027c920    00000772     common.oer5f (.text.Mmwave_populateDefaultChirpControlCfg)
                  1027d092    0000000c     drivers.am273x.r5f.ti-arm-clang.release.lib : gpio_v1.obj (.text.GPIO_getHighLowLevelPendingInterrupt)
                  1027d09e    00000002                                                 : mibspi_edma.obj (.text.MIBSPI_edmaDoNothing)
                  1027d0a0    00000762     main_mss.oer5f (.text.MmwCascade_mmWaveTest)
                  1027d802    00000002     freertos.am273x.r5f.ti-arm-clang.release.lib : printf.obj (.text._out_null)
                  1027d804    00000700     drivers.am273x.r5f.ti-arm-clang.release.lib : mibspi_v0.obj (.text.MIBSPI_open)
                  1027df04    0000000c     libc.a : aeabi_portable.c.obj (.text.__aeabi_errno_addr)
                  1027df10    000006fc     main_mss.oer5f (.text.MmwCascade_initTask)
                  1027e60c    00000004     freertos.am273x.r5f.ti-arm-clang.release.lib : ClockP_freertos_r5.obj (.text.ClockP_timerClearOverflowInt)
                  1027e610    000006d6     libmmwavelink_cascade_am273x.aer5f : rl_driver.oer5f (.text.rlDriverMsgRead)
                  1027ece6    0000000a     drivers.am273x.r5f.ti-arm-clang.release.lib : soc.obj (.text.SOC_getSelfCpuClk)
                  1027ecf0    000005d6     libmmwavelink_cascade_am273x.aer5f : rl_driver.oer5f (.text.rlDriverCmdSendRetry)
                  1027f2c6    00000002     freertos.am273x.r5f.ti-arm-clang.release.lib : port.obj (.text.vPortConfigTimerForRunTimeStats)
                  1027f2c8    000005a8                                                  : printf.obj (.text._vsnprintf)
                  1027f870    0000054c     drivers.am273x.r5f.ti-arm-clang.release.lib : soc_rcm.obj (.text.SOC_rcmGetPeripheralClock)
                  1027fdbc    00000004                                                 : soc.obj (.text.SOC_moduleClockEnable)
                  1027fdc0    0000049e     libmmwave_cascade_am273x.aer5f : mmwave_link_common.oer5f (.text.MMWave_asyncEventHandler)
                  1028025e    00000002     freertos.am273x.r5f.ti-arm-clang.release.lib : port.obj (.text.vPortValidateInterruptPriority)
                  10280260    00000408     cascade_csirx.oer5f (.text.MmwCascade_CSIConfig)
                  10280668    00000008     drivers.am273x.r5f.ti-arm-clang.release.lib : edma.obj (.text.EDMA_allocDmaChannel)
                  10280670    00000398     cascade_lvds_stream.oer5f (.text.Cascade_LVDSStream_EDMAInit)
                  10280a08    00000390     drivers.am273x.r5f.ti-arm-clang.release.lib : mibspi_edma.obj (.text.MIBSPI_edmaTransfer)
                  10280d98    0000035c                                                 : csirx.obj (.text.CSIRX_commonSetConfig)
                  102810f4    0000000c     libc.a : memory.c.obj (.text.malloc)
                  10281100    00000308     libmmwavelink_cascade_am273x.aer5f : rl_sensor.oer5f (.text.rlSetMultiBpmChirpConfig)
                  10281408    00000300     drivers.am273x.r5f.ti-arm-clang.release.lib : mibspi_v0.obj (.text.MIBSPI_dataTransfer)
                  10281708    00000008                                                 : edma.obj (.text.EDMA_allocParam)
                  10281710    00000300     libmmwavelink_cascade_am273x.aer5f : rl_driver.oer5f (.text.rlDriverInit)
                  10281a10    000002f0     cascade_lvds_stream.oer5f (.text.Cascade_LVDSStream_EDMAAllocateCBUFFSwChannel)
                  10281d00    000002ec     libmmwave_cascade_am273x.aer5f : mmwave_link_common.oer5f (.text.MMWave_configureProfileChirp)
                  10281fec    00000004     drivers.am273x.r5f.ti-arm-clang.release.lib : soc.obj (.text.SOC_moduleSetClockFrequency)
                  10281ff0    000002d8     freertos.am273x.r5f.ti-arm-clang.release.lib : printf.obj (.text._etoa)
                  102822c8    00000008     drivers.am273x.r5f.ti-arm-clang.release.lib : edma.obj (.text.EDMA_allocTcc)
                  102822d0    000002d4     libmmwavelink_cascade_am273x.aer5f : rl_sensor.oer5f (.text.rlSetChirpConfig)
                  102825a4    0000000c     freertos.am273x.r5f.ti-arm-clang.release.lib : tasks.obj (.text.vTaskMissedYield)
                  102825b0    000002d2     libtestlogger_am273x.aer5f : logger.oer5f (.text.MCPI_setFeatureTestResult)
                  10282882    00000006     drivers.am273x.r5f.ti-arm-clang.release.lib : csirx.obj (.text.CSIRX_contextEnable)
                  10282888    000002bc     freertos.am273x.r5f.ti-arm-clang.release.lib : printf.obj (.text._ftoa)
                  10282b44    0000000c                                                  : tasks.obj (.text.xTaskGetCurrentTaskHandle)
                  10282b50    000002b2     libmmwavelink_cascade_am273x.aer5f : rl_sensor.oer5f (.text.rlRfSetPhaseShiftConfig)
                  10282e02    00000002     --HOLE-- [fill = 0]
                  10282e04    000002a0     drivers.am273x.r5f.ti-arm-clang.release.lib : edma.obj (.text.EDMA_init)
                  102830a4    00000288                                                 : soc_rcm.obj (.text.SOC_rcmSetPeripheralClock)
                  1028332c    00000004     libc.a : _lock.c.obj (.text._nop)
                  10283330    00000278            : _printfi.c.obj (.text._pconv_a)
                  102835a8    00000008     drivers.am273x.r5f.ti-arm-clang.release.lib : edma.obj (.text.EDMA_freeDmaChannel)
                  102835b0    00000244     libmmwave_cascade_am273x.aer5f : mmwave_link_common.oer5f (.text.MMWave_computeCRC)
                  102837f4    00000240     drivers.am273x.r5f.ti-arm-clang.release.lib : cbuff.obj (.text.CBUFF_open)
                  10283a34    0000000c     freertos.am273x.r5f.ti-arm-clang.release.lib : CpuId_armv7r_asm.obj (.text)
                  10283a40    0000023a     libmmwavelink_cascade_am273x.aer5f : rl_driver.oer5f (.text.rlDriverExecuteGetApi)
                  10283c7a    00000002     --HOLE-- [fill = 0]
                  10283c7c    00000238     drivers.am273x.r5f.ti-arm-clang.release.lib : cbuff_edma.obj (.text.CBUFF_configEDMA)
                  10283eb4    0000000a     freertos.am273x.r5f.ti-arm-clang.release.lib : TimerP_rti.obj (.text.TimerP_getReloadCount)
                  10283ebe    00000002     --HOLE-- [fill = 0]
                  10283ec0    00000238     libmmwavelink_cascade_am273x.aer5f : rl_driver.oer5f (.text.rlDriverExecuteSetApi)
                  102840f8    00000230     libc.a : _printfi.c.obj (.text._pconv_g)
                  10284328    00000008     drivers.am273x.r5f.ti-arm-clang.release.lib : edma.obj (.text.EDMA_freeParam)
                  10284330    0000021a     libmmwavelink_cascade_am273x.aer5f : rl_driver.oer5f (.text.rlDriverCmdInvoke)
                  1028454a    00000006     drivers.am273x.r5f.ti-arm-clang.release.lib : gpio_v1.obj (.text.GPIO_moduleEnable)
                  10284550    00000216     cascade_csirx.oer5f (.text.MmwCascade_csirxCommonCallback)
                  10284766    00000002     --HOLE-- [fill = 0]
                  10284768    0000020c     drivers.am273x.r5f.ti-arm-clang.release.lib : mibspi_v0.obj (.text.MIBSPI_transfer)
                  10284974    00000200     freertos.am273x.r5f.ti-arm-clang.release.lib : timers.obj (.text.prvTimerTask)
                  10284b74    000001fa     drivers.am273x.r5f.ti-arm-clang.release.lib : csirx.obj (.text.CSIRX_complexioSetConfig)
                  10284d6e    00000002     --HOLE-- [fill = 0]
                  10284d70    000001f4                                                 : cbuff_lvds.obj (.text.CBUFF_openLVDS)
                  10284f64    0000000a     freertos.am273x.r5f.ti-arm-clang.release.lib : TimerP_rti.obj (.text.TimerP_start)
                  10284f6e    00000002     --HOLE-- [fill = 0]
                  10284f70    000001ee     libmmwave_cascade_am273x.aer5f : mmwave_link_common.oer5f (.text.MMWave_startLink)
                  1028515e    00000002     --HOLE-- [fill = 0]
                  10285160    000001e8     libmmwavelink_cascade_am273x.aer5f : rl_device.oer5f (.text.rlDevSetFillLUTBuff)
                  10285348    00000008     drivers.am273x.r5f.ti-arm-clang.release.lib : edma.obj (.text.EDMA_freeTcc)
                  10285350    000001e4     libmmwavelink_cascade_am273x.aer5f : rl_driver.oer5f (.text.rlDriverMsgReadSpawnCtx)
                  10285534    000001e0     drivers.am273x.r5f.ti-arm-clang.release.lib : csirx.obj (.text.CSIRX_contextSetConfig)
                  10285714    000001d0     libclang_rt.builtins.a : udivsi3.S.obj (.text)
                  102858e4    0000000a     freertos.am273x.r5f.ti-arm-clang.release.lib : port.obj (.text.vApplicationIdleHook)
                  102858ee    00000002     --HOLE-- [fill = 0]
                  102858f0    000001ca     libmmwavelink_cascade_am273x.aer5f : rl_driver.oer5f (.text.rlDriverAddDevice)
                  10285aba    00000006     freertos.am273x.r5f.ti-arm-clang.release.lib : SemaphoreP_freertos.obj (.text.SemaphoreP_destruct)
                  10285ac0    000001c0     drivers.am273x.r5f.ti-arm-clang.release.lib : csirx.obj (.text.CSIRX_dphySetConfig)
                  10285c80    000001c0     libc.a : fopen.c.obj (.text._openfile)
                  10285e40    000001b8            : memory.c.obj (.text.aligned_alloc)
                  10285ff8    000001b8            : memory.c.obj (.text.free)
                  102861b0    000001ac     drivers.am273x.r5f.ti-arm-clang.release.lib : mibspi_edma.obj (.text.MIBSPI_edmaAllocChResource)
                  1028635c    000001a4     libc.a : fputs.c.obj (.text.fputs)
                  10286500    000001a4     freertos.am273x.r5f.ti-arm-clang.release.lib : queue.obj (.text.xQueueSemaphoreTake)
                  102866a4    00000008                                                  : TimerP_rti.obj (.text.TimerP_clearOverflowInt)
                  102866ac    00000004     libc.a : fprintf.c.obj (.text._outc)
                  102866b0    000001a2     libmmwave_cascade_am273x.aer5f : mmwave_link_spi_22xx.oer5f (.text.MMWave_FirmwareDownload)
                  10286852    00000002     --HOLE-- [fill = 0]
                  10286854    0000019c     drivers.am273x.r5f.ti-arm-clang.release.lib : cbuff.obj (.text.CBUFF_activateSession)
                  102869f0    0000019c                                                 : cbuff.obj (.text.CBUFF_createSession)
                  10286b8c    00000004     libc.a : printf.c.obj (.text._outc)
                  10286b90    0000019c     libmmwave_cascade_am273x.aer5f : mmwave_link_spi_22xx.oer5f (.text.MMWave_spiRead)
                  10286d2c    00000004     libc.a : fprintf.c.obj (.text._outs)
                  10286d30    0000019a     libmmwave_cascade_am273x.aer5f : mmwave_link_spi_22xx.oer5f (.text.MMWave_spiWrite)
                  10286eca    00000002     --HOLE-- [fill = 0]
                  10286ecc    00000184     freertos.am273x.r5f.ti-arm-clang.release.lib : queue.obj (.text.xQueueGenericSend)
                  10287050    00000174     libmmwavelink_cascade_am273x.aer5f : rl_device.oer5f (.text.rlDevicePowerOn)
                  102871c4    00000164     drivers.am273x.r5f.ti-arm-clang.release.lib : cbuff_transfer.obj (.text.CBUFF_addLinkedList)
                  10287328    00000154                                                 : cbuff_lvds.obj (.text.CBUFF_initLVDS)
                  1028747c    00000154     freertos.am273x.r5f.ti-arm-clang.release.lib : queue.obj (.text.xQueueReceive)
                  102875d0    0000014c     libc.a : s_ceil.c.obj (.text.ceil)
                  1028771c    00000004            : printf.c.obj (.text._outs)
                  10287720    0000014a     cascade_lvds_stream.oer5f (.text.Cascade_LVDSStream_EDMAFreeCBUFFSwChannel)
                  1028786a    00000006     freertos.am273x.r5f.ti-arm-clang.release.lib : port.obj (.text.prvTaskExitError)
                  10287870    00000148     libc.a : _printfi.c.obj (.text.fcvt)
                  102879b8    00000144            : setvbuf.c.obj (.text.setvbuf)
                  10287afc    00000004            : fseek.c.obj (.text.fseek)
                  10287b00    00000140            : s_scalbn.c.obj (.text.scalbn)
                  10287c40    0000013c     drivers.am273x.r5f.ti-arm-clang.release.lib : cbuff_transfer.obj (.text.CBUFF_setup_USER)
                  10287d7c    00000004     libsysbm.a : remove.c.obj (.text.remove)
                  10287d80    00000138     libmmwave_cascade_am273x.aer5f : mmwave_link_common.oer5f (.text.MMWave_deviceGetVersion)
                  10287eb8    00000138     libc.a : _printfi.c.obj (.text._pconv_e)
                  10287ff0    00000132     libmmwavelink_cascade_am273x.aer5f : rl_sensor.oer5f (.text.rlRfPhShiftCalibDataRestore)
                  10288122    00000008     freertos.am273x.r5f.ti-arm-clang.release.lib : printf.obj (.text._out_char)
                  1028812a    00000006                                                  : list.obj (.text.vListInitialiseItem)
                  10288130    0000012c     libmmwavelink_cascade_am273x.aer5f : rl_driver.oer5f (.text.rlDriverDeInit)
                  1028825c    00000128     freertos.am273x.r5f.ti-arm-clang.release.lib : ClockP_freertos_r5.obj (.text.ClockP_init)
                  10288384    00000008                                                  : port.obj (.text.uiPortGetRunTimeCounterValue)
                  1028838c    00000004     libclang_rt.builtins.a : aeabi_memcpy.S.obj (.text)
                  10288390    00000128     libmmwavelink_cascade_am273x.aer5f : rl_sensor.oer5f (.text.rlRfCalibDataRestore)
                  102884b8    00000008     freertos.am273x.r5f.ti-arm-clang.release.lib : HwiP_armv7r_asm.obj (.tramp.HwiP_restore.1)
                  102884c0    00000126     ti_drivers_open_close.oer5f (.text.Drivers_open)
                  102885e6    00000002     --HOLE-- [fill = 0]
                  102885e8    00000120     libsysbm.a : open.c.obj (.text.open)
                  10288708    00000118     drivers.am273x.r5f.ti-arm-clang.release.lib : cbuff_edma.obj (.text.CBUFF_closeEDMA)
                  10288820    00000118     freertos.am273x.r5f.ti-arm-clang.release.lib : TimerP_rti.obj (.text.TimerP_setup)
                  10288938    00000118     libclang_rt.builtins.a : udivmoddi4.S.obj (.text)
                  10288a50    00000116     freertos.am273x.r5f.ti-arm-clang.release.lib : printf.obj (.text._ntoa_format)
                  10288b66    00000002     --HOLE-- [fill = 0]
                  10288b68    00000114     drivers.am273x.r5f.ti-arm-clang.release.lib : edma.obj (.text.EDMA_isResourceAllocated)
                  10288c7c    00000004     --HOLE-- [fill = 0]
                  10288c80    00000114     libmmwave_cascade_am273x.aer5f : mmwave_link_spi_22xx.oer5f (.text.MMWave_gpioSpiIrqDevCallbackFxn)
                  10288d94    00000112     drivers.am273x.r5f.ti-arm-clang.release.lib : edma.obj (.text.Alloc_resource)
                  10288ea6    00000002     --HOLE-- [fill = 0]
                  10288ea8    00000110                                                 : mibspi_v0.obj (.text.MIBSPI_close)
                  10288fb8    00000008     libclang_rt.builtins.a : aeabi_memcpy.S.obj (.tramp.__aeabi_memcpy.1)
                  10288fc0    0000010a     libmmwavelink_cascade_am273x.aer5f : rl_sensor.oer5f (.text.rlSetMultiAdvChirpLUTConfig)
                  102890ca    00000002     --HOLE-- [fill = 0]
                  102890cc    00000108     drivers.am273x.r5f.ti-arm-clang.release.lib : edma.obj (.text.EDMA_transferCompletionMasterIsrFxn)
                  102891d4    00000102                                                 : mibspi_v0.obj (.text.MIBSPI_dmaDoneCb)
                  102892d6    00000002     --HOLE-- [fill = 0]
                  102892d8    000000fc                                                 : cbuff.obj (.text.CBUFF_close)
                  102893d4    000000fc                                                 : edma.obj (.text.EDMA_open)
                  102894d0    000000fc                                                 : mibspi_edma.obj (.text.MIBSPI_edmaFreeChResource)
                  102895cc    00000004     --HOLE-- [fill = 0]
                  102895d0    000000fc     libmmwave_cascade_am273x.aer5f : mmwave_fullcfg.oer5f (.text.MMWave_addChirp)
                  102896cc    00000004     --HOLE-- [fill = 0]
                  102896d0    000000fa                                    : mmwave_fullcfg.oer5f (.text.MMWave_getChirpHandle)
                  102897ca    00000006     --HOLE-- [fill = 0]
                  102897d0    000000f8                                    : mmwave_link_common.oer5f (.text.MMWave_executeLink)
                  102898c8    000000f8     libc.a : fopen.c.obj (.text.fopen)
                  102899c0    000000f4     freertos.am273x.r5f.ti-arm-clang.release.lib : queue.obj (.text.xQueueGenericSendFromISR)
                  10289ab4    000000f0     drivers.am273x.r5f.ti-arm-clang.release.lib : crc.obj (.text.CRC_configure)
                  10289ba4    000000ee                                                 : mibspi_v0.obj (.text.MIBSPI_ISR)
                  10289c92    00000002     --HOLE-- [fill = 0]
                  10289c94    000000ec     freertos.am273x.r5f.ti-arm-clang.release.lib : HeapP_internal.obj (.text.pvHeapMalloc)
                  10289d80    000000ea     libmmwave_cascade_am273x.aer5f : mmwave_fullcfg.oer5f (.text.MMWave_addProfile)
                  10289e6a    00000002     --HOLE-- [fill = 0]
                  10289e6c    000000e8     drivers.am273x.r5f.ti-arm-clang.release.lib : edma.obj (.text.EDMA_freeResource)
                  10289f54    000000e8     libc.a : fputc.c.obj (.text.fputc)
                  1028a03c    000000e8     freertos.am273x.r5f.ti-arm-clang.release.lib : tasks.obj (.text.vTaskSwitchContext)
                  1028a124    000000e4     drivers.am273x.r5f.ti-arm-clang.release.lib : soc.obj (.text.SOC_virtToPhy)
                  1028a208    000000e0     freertos.am273x.r5f.ti-arm-clang.release.lib : queue.obj (.text.xQueueGiveFromISR)
                  1028a2e8    000000e0                                                  : tasks.obj (.text.xTaskIncrementTick)
                  1028a3c8    000000d8                                                  : queue.obj (.text.xQueueGenericCreateStatic)
                  1028a4a0    000000d6     libmmwave_cascade_am273x.aer5f : mmwave_fullcfg.oer5f (.text.MMWave_getBpmChirpHandle)
                  1028a576    00000002     --HOLE-- [fill = 0]
                  1028a578    00000008     freertos.am273x.r5f.ti-arm-clang.release.lib : HwiP_armv7r_asm.obj (.tramp.HwiP_enable.1)
                  1028a580    000000d6     libmmwave_cascade_am273x.aer5f : mmwave_fullcfg.oer5f (.text.MMWave_getPhaseShiftChirpHandle)
                  1028a656    00000002     --HOLE-- [fill = 0]
                  1028a658    000000d4     drivers.am273x.r5f.ti-arm-clang.release.lib : mibspi_soc.obj (.text.MIBSPI_socMemInit)
                  1028a72c    000000d2                                                 : csirx.obj (.text.CSIRX_close)
                  1028a7fe    00000002     --HOLE-- [fill = 0]
                  1028a800    000000d0     libmmwave_cascade_am273x.aer5f : mmwave_fullcfg.oer5f (.text.MMWave_getAdvChirpHandle)
                  1028a8d0    000000cc     drivers.am273x.r5f.ti-arm-clang.release.lib : soc_rcm.obj (.text.SOC_rcmGetPeripheralClockFrequency)
                  1028a99c    00000004     --HOLE-- [fill = 0]
                  1028a9a0    000000ca     cascade_lvds_stream.oer5f (.text.Cascade_LVDSStreamSwConfig)
                  1028aa6a    00000006     --HOLE-- [fill = 0]
                  1028aa70    000000ca     libmmwave_cascade_am273x.aer5f : mmwave_fullcfg.oer5f (.text.MMWave_addPhaseShiftChirp)
                  1028ab3a    00000006     --HOLE-- [fill = 0]
                  1028ab40    000000c8     cascade_csirx.oer5f (.text.MmwCascade_combinedEOLcallback)
                  1028ac08    000000c8     libc.a : getdevice.c.obj (.text.getdevice)
                  1028acd0    000000c4     drivers.am273x.r5f.ti-arm-clang.release.lib : edma.obj (.text.EDMA_allocResource)
                  1028ad94    000000c4                                                 : edma.obj (.text.EDMA_unregisterIntr)
                  1028ae58    000000c4     freertos.am273x.r5f.ti-arm-clang.release.lib : queue.obj (.text.xQueueReceiveFromISR)
                  1028af1c    000000c4                                                  : tasks.obj (.text.xTaskResumeAll)
                  1028afe0    000000c2     libmmwave_cascade_am273x.aer5f : mmwave_fullcfg.oer5f (.text.MMWave_getProfileHandle)
                  1028b0a2    00000002     --HOLE-- [fill = 0]
                  1028b0a4    00000008     freertos.am273x.r5f.ti-arm-clang.release.lib : CacheP_armv7r_asm.obj (.tramp.CacheP_wb.1)
                  1028b0ac    00000004     --HOLE-- [fill = 0]
                  1028b0b0    000000c0     libmmwave_cascade_am273x.aer5f : mmwave.oer5f (.text.MMWave_init)
                  1028b170    000000c0     libc.a : _printfi.c.obj (.text._mcpy)
                  1028b230    000000c0     freertos.am273x.r5f.ti-arm-clang.release.lib : tasks.obj (.text.prvInitialiseNewTask)
                  1028b2f0    000000c0                                                  : tasks.obj (.text.xTaskCreateStatic)
                  1028b3b0    000000be     libmmwave_cascade_am273x.aer5f : mmwave_fullcfg.oer5f (.text.MMWave_getChirpCfg)
                  1028b46e    00000002     --HOLE-- [fill = 0]
                  1028b470    000000bc     drivers.am273x.r5f.ti-arm-clang.release.lib : cbuff.obj (.text.CBUFF_setVC)
                  1028b52c    000000bc                                                 : edma.obj (.text.EDMA_registerIntr)
                  1028b5e8    00000008     freertos.am273x.r5f.ti-arm-clang.release.lib : PmuP_armv7r_asm.obj (.tramp.PmuP_enableCounters.1)
                  1028b5f0    000000bc     libmmwave_cascade_am273x.aer5f : mmwave_link_common.oer5f (.text.MMWave_spawn)
                  1028b6ac    000000bc     freertos.am273x.r5f.ti-arm-clang.release.lib : tasks.obj (.text.prvAddNewTaskToReadyList)
                  1028b768    000000b8     drivers.am273x.r5f.ti-arm-clang.release.lib : soc_rcm.obj (.text.SOC_rcmGetDspHsDivOut)
                  1028b820    000000b8                                                 : soc_rcm.obj (.text.SOC_rcmGetPerHsDivOut)
                  1028b8d8    000000b8     freertos.am273x.r5f.ti-arm-clang.release.lib : timers.obj (.text.prvSampleTimeNow)
                  1028b990    000000b8     libmmwavelink_cascade_am273x.aer5f : rl_device.oer5f (.text.rlDeviceGetVersion)
                  1028ba48    00000008     --HOLE-- [fill = 0]
                  1028ba50    000000b6     libmmwave_cascade_am273x.aer5f : mmwave_link_common.oer5f (.text.MMWave_stopLink)
                  1028bb06    00000002     --HOLE-- [fill = 0]
                  1028bb08    000000b4     drivers.am273x.r5f.ti-arm-clang.release.lib : edma.obj (.text.EDMA_freeChannelRegion)
                  1028bbbc    000000b4     libc.a : fclose.c.obj (.text.__TI_closefile)
                  1028bc70    000000b4            : fseek.c.obj (.text.fseeko)
                  1028bd24    000000b2     drivers.am273x.r5f.ti-arm-clang.release.lib : csirx.obj (.text.CSIRX_complexioGetPendingIntr)
                  1028bdd6    00000002     --HOLE-- [fill = 0]
                  1028bdd8    000000b0                                                 : csirx.obj (.text.CSIRX_open)
                  1028be88    000000b0     freertos.am273x.r5f.ti-arm-clang.release.lib : TaskP_freertos.obj (.text.TaskP_loadUpdateAll)
                  1028bf38    000000ac                                                  : printf.obj (.text._ntoa_long_long)
                  1028bfe4    0000000c     --HOLE-- [fill = 0]
                  1028bff0    000000ac     libmmwavelink_cascade_am273x.aer5f : rl_driver.oer5f (.text.rlDriverConstructInMsg)
                  1028c09c    00000004     --HOLE-- [fill = 0]
                  1028c0a0    000000a8     libmmwave_cascade_am273x.aer5f : mmwave_link_spi_22xx.oer5f (.text.MMWave_initLink)
                  1028c148    000000a8     freertos.am273x.r5f.ti-arm-clang.release.lib : tasks.obj (.text.vTaskPriorityDisinheritAfterTimeout)
                  1028c1f0    000000a4     libmmwavelink_cascade_am273x.aer5f : rl_sensor.oer5f (.text.rlSetProfileConfig)
                  1028c294    000000a4     libc.a : memory.c.obj (.text.split)
                  1028c338    000000a4     freertos.am273x.r5f.ti-arm-clang.release.lib : tasks.obj (.text.xTaskPriorityDisinherit)
                  1028c3dc    000000a0     libsysbm.a : hostrename.c.obj (.text.HOSTrename)
                  1028c47c    00000004     --HOLE-- [fill = 0]
                  1028c480    000000a0     common.oer5f (.text.Mmwave_eventFxn)
                  1028c520    0000009e     libmmwave_cascade_am273x.aer5f : mmwave_fullcfg.oer5f (.text.MMWave_getPhaseShiftChirpCfg)
                  1028c5be    00000002     --HOLE-- [fill = 0]
                  1028c5c0    0000009e                                    : mmwave_fullcfg.oer5f (.text.MMWave_getProfileCfg)
                  1028c65e    00000002     --HOLE-- [fill = 0]
                  1028c660    0000009c                                    : mmwave_fullcfg.oer5f (.text.MMWave_getNumAdvChirpParams)
                  1028c6fc    00000004     --HOLE-- [fill = 0]
                  1028c700    0000009c                                    : mmwave_fullcfg.oer5f (.text.MMWave_getNumBpmChirp)
                  1028c79c    00000004     --HOLE-- [fill = 0]
                  1028c7a0    0000009c                                    : mmwave_fullcfg.oer5f (.text.MMWave_getNumPhaseShiftChirp)
                  1028c83c    00000004     --HOLE-- [fill = 0]
                  1028c840    0000009c                                    : mmwave_fullcfg.oer5f (.text.MMWave_getNumProfiles)
                  1028c8dc    0000009c     libc.a : _io_perm.c.obj (.text.__TI_wrt_ok)
                  1028c978    00000008     --HOLE-- [fill = 0]
                  1028c980    0000009a     common.oer5f (.text.Mmwave_populateDefaultOpenCfg)
                  1028ca1a    00000002     --HOLE-- [fill = 0]
                  1028ca1c    00000098     libsysbm.a : hostlseek.c.obj (.text.HOSTlseek)
                  1028cab4    00000098     libc.a : fprintf.c.obj (.text.fprintf)
                  1028cb4c    00000098            : printf.c.obj (.text.printf)
                  1028cbe4    0000000c     --HOLE-- [fill = 0]
                  1028cbf0    00000096     libmmwave_cascade_am273x.aer5f : mmwave.oer5f (.text.MMWave_start)
                  1028cc86    00000002     --HOLE-- [fill = 0]
                  1028cc88    00000094     libsysbm.a : hostopen.c.obj (.text.HOSTopen)
                  1028cd1c    00000094     freertos.am273x.r5f.ti-arm-clang.release.lib : tasks.obj (.text.eTaskGetState)
                  1028cdb0    00000094                                                  : tasks.obj (.text.vTaskDelete)
                  1028ce44    0000000c     --HOLE-- [fill = 0]
                  1028ce50    00000090     main_mss.oer5f (.text.configureTransfer)
                  1028cee0    00000090     freertos.am273x.r5f.ti-arm-clang.release.lib : tasks.obj (.text.vTaskStartScheduler)
                  1028cf70    0000008e     libmmwave_cascade_am273x.aer5f : mmwave_fullcfg.oer5f (.text.MMWave_getNumChirps)
                  1028cffe    00000002     --HOLE-- [fill = 0]
                  1028d000    0000008e                                    : mmwave_link_spi_22xx.oer5f (.text.MMWave_waitIRQStatus)
                  1028d08e    00000002     --HOLE-- [fill = 0]
                  1028d090    0000008c     cascade_lvds_stream.oer5f (.text.Cascade_LVDSStreamInit)
                  1028d11c    0000008c     freertos.am273x.r5f.ti-arm-clang.release.lib : printf.obj (.text._ntoa_long)
                  1028d1a8    0000008c     libsysbm.a : close.c.obj (.text.close)
                  1028d234    0000008c     freertos.am273x.r5f.ti-arm-clang.release.lib : tasks.obj (.text.xTaskCheckForTimeOut)
                  1028d2c0    0000008a     libmmwave_cascade_am273x.aer5f : mmwave_osal.oer5f (.text.MMWave_osalSemCreate)
                  1028d34a    00000006     --HOLE-- [fill = 0]
                  1028d350    0000008a     uart_go.oer5f (.text.UartGo_printf)
                  1028d3da    00000002     --HOLE-- [fill = 0]
                  1028d3dc    00000088     libc.a : fflush.c.obj (.text.__TI_doflush)
                  1028d464    00000088            : _ltoa.c.obj (.text.__TI_ltoa)
                  1028d4ec    00000088            : _printfi.c.obj (.text._ecpy)
                  1028d574    00000088     freertos.am273x.r5f.ti-arm-clang.release.lib : port.obj (.text.pxPortInitialiseStack)
                  1028d5fc    00000088                                                  : HeapP_internal.obj (.text.vHeapFree)
                  1028d684    00000084     drivers.am273x.r5f.ti-arm-clang.release.lib : cbuff_lvds.obj (.text.CBUFF_initLVDSLinkListParams)
                  1028d708    00000084                                                 : cbuff_transfer.obj (.text.CBUFF_setupTransfer)
                  1028d78c    00000084                                                 : mibspi_edma.obj (.text.EDMA_rxCompletionIsrFxn)
                  1028d810    00000084                                                 : mibspi_edma.obj (.text.EDMA_txCompletionIsrFxn)
                  1028d894    00000084     libsysbm.a : hostread.c.obj (.text.HOSTread)
                  1028d918    00000084                : hostwrite.c.obj (.text.HOSTwrite)
                  1028d99c    00000084     drivers.am273x.r5f.ti-arm-clang.release.lib : soc.obj (.text.SOC_controlModuleUnlockMMR)
                  1028da20    00000084     libmmwavelink_cascade_am273x.aer5f : rl_device.oer5f (.text.rlDeviceFileDownload)
                  1028daa4    0000000c     --HOLE-- [fill = 0]
                  1028dab0    00000082     cascade_csirx.oer5f (.text.MmwCascade_csirxClose)
                  1028db32    0000000e     --HOLE-- [fill = 0]
                  1028db40    00000082     uart_go.oer5f (.text.UartGo_init)
                  1028dbc2    00000002     --HOLE-- [fill = 0]
                  1028dbc4    00000080     drivers.am273x.r5f.ti-arm-clang.release.lib : cbuff.obj (.text.CBUFF_ISR)
                  1028dc44    00000080     freertos.am273x.r5f.ti-arm-clang.release.lib : tasks.obj (.text.xTaskPriorityInherit)
                  1028dcc4    0000007e     drivers.am273x.r5f.ti-arm-clang.release.lib : csirx.obj (.text.CSIRX_reset)
                  1028dd42    0000007e                                                 : edma.obj (.text.EDMA_configureChannelRegion)
                  1028ddc0    0000007c     libc.a : _printfi.c.obj (.text._pconv_f)
                  1028de3c    00000004     --HOLE-- [fill = 0]
                  1028de40    0000007c            : s_frexp.c.obj (.text.frexp)
                  1028debc    0000007c     freertos.am273x.r5f.ti-arm-clang.release.lib : queue.obj (.text.prvCopyDataToQueue)
                  1028df38    0000007c                                                  : tasks.obj (.text.vTaskGetInfo)
                  1028dfb4    0000007c                                                  : tasks.obj (.text.xTaskRemoveFromEventList)
                  1028e030    0000007a     libmmwave_cascade_am273x.aer5f : mmwave_osal.oer5f (.text.MMWave_osalMutexCreate)
                  1028e0aa    00000002     --HOLE-- [fill = 0]
                  1028e0ac    00000078     drivers.am273x.r5f.ti-arm-clang.release.lib : mibspi_v0.obj (.text.MIBSPI_init)
                  1028e124    00000078                                                 : mibspi_v0.obj (.text.MIBSPI_writeDataRAM)
                  1028e19c    00000004     --HOLE-- [fill = 0]
                  1028e1a0    00000078     libmmwave_cascade_am273x.aer5f : mmwave_link_common.oer5f (.text.MMWave_initCRC)
                  1028e218    00000008     --HOLE-- [fill = 0]
                  1028e220    00000078     libmmwavelink_cascade_am273x.aer5f : rl_driver.oer5f (.text.rlDriverHostIrqHandler)
                  1028e298    00000078     libc.a : snprintf.c.obj (.text.snprintf)
                  1028e310    00000076     freertos.am273x.r5f.ti-arm-clang.release.lib : printf.obj (.text._out_rev)
                  1028e386    00000002     --HOLE-- [fill = 0]
                  1028e388    00000074     drivers.am273x.r5f.ti-arm-clang.release.lib : soc_rcm.obj (.text.SOC_rcmGetCoreFout)
                  1028e3fc    00000074     freertos.am273x.r5f.ti-arm-clang.release.lib : queue.obj (.text.xQueueGenericReset)
                  1028e470    00000072     drivers.am273x.r5f.ti-arm-clang.release.lib : csirx.obj (.text.CSIRX_commonGetPendingIntr)
                  1028e4e2    0000000e     --HOLE-- [fill = 0]
                  1028e4f0    00000070     cascade_csirx.oer5f (.text.MmwCascade_csirxInit)
                  1028e560    00000070     ti_power_clock_config.oer5f (.text.PowerClock_init)
                  1028e5d0    00000070     libc.a : atoi.c.obj (.text.atoi)
                  1028e640    00000070     freertos.am273x.r5f.ti-arm-clang.release.lib : timers.obj (.text.xTimerCreateTimerTask)
                  1028e6b0    0000006e     drivers.am273x.r5f.ti-arm-clang.release.lib : edma.obj (.text.EDMA_disableTransferRegion)
                  1028e71e    0000006e                                                 : edma.obj (.text.EDMA_enableTransferRegion)
                  1028e78c    0000006c                                                 : edma.obj (.text.EDMA_close)
                  1028e7f8    0000006c     libsysbm.a : hostunlink.c.obj (.text.HOSTunlink)
                  1028e864    0000006c     libc.a : getdevice.c.obj (.text.finddevice)
                  1028e8d0    0000006c     libmmwavelink_cascade_am273x.aer5f : rl_controller.oer5f (.text.rlGetSubBlock)
                  1028e93c    0000006c     freertos.am273x.r5f.ti-arm-clang.release.lib : timers.obj (.text.xTimerGenericCommand)
                  1028e9a8    00000008     --HOLE-- [fill = 0]
                  1028e9b0    00000068     libmmwave_cascade_am273x.aer5f : mmwave_link_spi_22xx.oer5f (.text.MMWave_enableDevice)
                  1028ea18    00000068     drivers.am273x.r5f.ti-arm-clang.release.lib : soc.obj (.text.SOC_controlModuleLockMMR)
                  1028ea80    00000068     freertos.am273x.r5f.ti-arm-clang.release.lib : DebugP_freertos.obj (.text._DebugP_logZone)
                  1028eae8    00000068                                                  : queue.obj (.text.prvUnlockQueue)
                  1028eb50    00000068     libc.a : vsnprintf.c.obj (.text.vsnprintf)
                  1028ebb8    00000066     drivers.am273x.r5f.ti-arm-clang.release.lib : mibspi_v0.obj (.text.MIBSPI_readDataRAM)
                  1028ec1e    00000002     --HOLE-- [fill = 0]
                  1028ec20    00000066     libmmwave_cascade_am273x.aer5f : mmwave.oer5f (.text.MMWave_open)
                  1028ec86    00000002     --HOLE-- [fill = 0]
                  1028ec88    00000064     freertos.am273x.r5f.ti-arm-clang.release.lib : SemaphoreP_freertos.obj (.text.SemaphoreP_constructBinary)
                  1028ecec    00000004     --HOLE-- [fill = 0]
                  1028ecf0    00000064     libmmwavelink_cascade_am273x.aer5f : rl_device.oer5f (.text.rlDeviceAdvFrameConfigApply)
                  1028ed54    0000000c     --HOLE-- [fill = 0]
                  1028ed60    00000064                                        : rl_device.oer5f (.text.rlDeviceFrameConfigApply)
                  1028edc4    00000060     libsysbm.a : hostclose.c.obj (.text.HOSTclose)
                  1028ee24    0000000c     --HOLE-- [fill = 0]
                  1028ee30    00000060     libmmwave_cascade_am273x.aer5f : mmwave.oer5f (.text.MMWave_config)
                  1028ee90    00000060     drivers.am273x.r5f.ti-arm-clang.release.lib : soc_rcm.obj (.text.SOC_rcmGetCoreHsDivOut)
                  1028eef0    00000060     freertos.am273x.r5f.ti-arm-clang.release.lib : tasks.obj (.text.prvAddCurrentTaskToDelayedList)
                  1028ef50    00000060     libmmwavelink_cascade_am273x.aer5f : rl_sensor.oer5f (.text.rlSetFrameConfig)
                  1028efb0    0000005e     libmmwave_cascade_am273x.aer5f : mmwave.oer5f (.text.MMWave_execute)
                  1028f00e    00000002     --HOLE-- [fill = 0]
                  1028f010    0000005c     ti_drivers_open_close.oer5f (.text.Drivers_close)
                  1028f06c    0000005c     libc.a : _printfi.c.obj (.text._fcpy)
                  1028f0c8    0000005c     freertos.am273x.r5f.ti-arm-clang.release.lib : PmuP_armv7r.obj (.text.pmu)
                  1028f124    0000005c                                                  : timers.obj (.text.prvCheckForValidListAndQueue)
                  1028f180    0000005a     cascade_lvds_stream.oer5f (.text.Cascade_LVDSStream_SwTriggerFrameDone)
                  1028f1da    00000058     drivers.am273x.r5f.ti-arm-clang.release.lib : csirx.obj (.text.CSIRX_contextGetPendingIntr)
                  1028f232    00000002     --HOLE-- [fill = 0]
                  1028f234    00000058                                                 : mibspi_v0.obj (.text.MIBSPI_enablePinSettings)
                  1028f28c    00000058     freertos.am273x.r5f.ti-arm-clang.release.lib : DebugP_log.obj (.text._DebugP_assert)
                  1028f2e4    00000058     libc.a : fopen.c.obj (.text.__TI_cleanup)
                  1028f33c    00000058     libsysbm.a : trgmsg.c.obj (.text.__TI_readmsg)
                  1028f394    00000058                : trgmsg.c.obj (.text.__TI_writemsg)
                  1028f3ec    00000058     libc.a : snprintf.c.obj (.text._outs)
                  1028f444    00000058            : vsnprintf.c.obj (.text._outs)
                  1028f49c    00000054     drivers.am273x.r5f.ti-arm-clang.release.lib : cbuff.obj (.text.CBUFF_ErrorISR)
                  1028f4f0    00000054                                                 : soc_rcm.obj (.text.SOC_rcmGetADPLLJFout)
                  1028f544    00000054     freertos.am273x.r5f.ti-arm-clang.release.lib : SemaphoreP_freertos.obj (.text.SemaphoreP_pend)
                  1028f598    00000008     --HOLE-- [fill = 0]
                  1028f5a0    00000054     uart_go.oer5f (.text.UartGo_puts)
                  1028f5f4    00000054     libc.a : exit.c.obj (.text.exit)
                  1028f648    00000008     --HOLE-- [fill = 0]
                  1028f650    00000050     libmmwavelink_cascade_am273x.aer5f : rl_sensor.oer5f (.text.rlSetAdvFrameConfig)
                  1028f6a0    00000050     libc.a : autoinit.c.obj (.text:__TI_auto_init_nobinit_nopinit)
                  1028f6f0    0000004e     drivers.am273x.r5f.ti-arm-clang.release.lib : edma.obj (.text.EDMA_disableChInShadowRegRegion)
                  1028f73e    00000002     --HOLE-- [fill = 0]
                  1028f740    0000004c                                                 : soc_rcm.obj (.text.SOC_rcmGetXtalFrequency)
                  1028f78c    0000004c     libc.a : fclose.c.obj (.text.fclose)
                  1028f7d8    0000004c     freertos.am273x.r5f.ti-arm-clang.release.lib : tasks.obj (.text.prvIdleTask)
                  1028f824    0000000c     --HOLE-- [fill = 0]
                  1028f830    0000004c     libmmwavelink_cascade_am273x.aer5f : rl_controller.oer5f (.text.rlAppendSubBlock)
                  1028f87c    0000004c     freertos.am273x.r5f.ti-arm-clang.release.lib : tasks.obj (.text.vTaskDelay)
                  1028f8c8    0000004c                                                  : tasks.obj (.text.vTaskPlaceOnEventListRestricted)
                  1028f914    0000004a                                                  : SemaphoreP_freertos.obj (.text.SemaphoreP_post)
                  1028f95e    00000002     --HOLE-- [fill = 0]
                  1028f960    0000004a     libmmwavelink_cascade_am273x.aer5f : rl_device.oer5f (.text.rlDeviceSetCsi2Config)
                  1028f9aa    00000006     --HOLE-- [fill = 0]
                  1028f9b0    0000004a                                        : rl_device.oer5f (.text.rlDeviceSetDataFmtConfig)
                  1028f9fa    00000006     --HOLE-- [fill = 0]
                  1028fa00    0000004a                                        : rl_device.oer5f (.text.rlDeviceSetDataPathClkConfig)
                  1028fa4a    00000006     --HOLE-- [fill = 0]
                  1028fa50    0000004a                                        : rl_device.oer5f (.text.rlDeviceSetDataPathConfig)
                  1028fa9a    00000006     --HOLE-- [fill = 0]
                  1028faa0    0000004a                                        : rl_device.oer5f (.text.rlDeviceSetLaneConfig)
                  1028faea    00000006     --HOLE-- [fill = 0]
                  1028faf0    0000004a                                        : rl_device.oer5f (.text.rlDeviceSetMiscConfig)
                  1028fb3a    00000002     --HOLE-- [fill = 0]
                  1028fb3c    00000048     freertos.am273x.r5f.ti-arm-clang.release.lib : ClockP_freertos.obj (.text.ClockP_getTimeUsec)
                  1028fb84    0000000c     --HOLE-- [fill = 0]
                  1028fb90    00000048     cascade_csirx.oer5f (.text.MmwCascade_csirxCombinedEOFcallback)
                  1028fbd8    00000008     --HOLE-- [fill = 0]
                  1028fbe0    00000048     cascade_csirx.oer5f (.text.MmwCascade_csirxOpen)
                  1028fc28    00000048     libc.a : memccpy.c.obj (.text.memccpy)
                  1028fc70    00000048     libsysbm.a : unlink.c.obj (.text.unlink)
                  1028fcb8    00000048     freertos.am273x.r5f.ti-arm-clang.release.lib : queue.obj (.text.xQueueGiveMutexRecursive)
                  1028fd00    00000046     drivers.am273x.r5f.ti-arm-clang.release.lib : crc.obj (.text.CRC_initialize)
                  1028fd46    0000000a     --HOLE-- [fill = 0]
                  1028fd50    00000046     libmmwave_cascade_am273x.aer5f : mmwave_listlib.oer5f (.text.MMWave_listCat)
                  1028fd96    0000000a     --HOLE-- [fill = 0]
                  1028fda0    00000046                                    : mmwave.oer5f (.text.MMWave_stop)
                  1028fde6    00000046     freertos.am273x.r5f.ti-arm-clang.release.lib : HeapP_internal.obj (.text.vHeapCreateStatic)
                  1028fe2c    00000046                                                  : queue.obj (.text.vQueueWaitForMessageRestricted)
                  1028fe72    00000044     drivers.am273x.r5f.ti-arm-clang.release.lib : csirx.obj (.text.CSIRX_complexioSetLaneIntr)
                  1028feb6    00000002     --HOLE-- [fill = 0]
                  1028feb8    00000044     freertos.am273x.r5f.ti-arm-clang.release.lib : SemaphoreP_freertos.obj (.text.SemaphoreP_constructMutex)
                  1028fefc    00000044                                                  : tasks.obj (.text.prvDeleteTCB)
                  1028ff40    00000044                                                  : queue.obj (.text.xQueueTakeMutexRecursive)
                  1028ff84    00000040     drivers.am273x.r5f.ti-arm-clang.release.lib : edma.obj (.text.EDMA_mapChToEvtQ)
                  1028ffc4    00000040     libc.a : memory.c.obj (.text.free_list_insert)
                  10290004    00000040     freertos.am273x.r5f.ti-arm-clang.release.lib : tasks.obj (.text.vTaskPlaceOnEventList)
                  10290044    0000003e     drivers.am273x.r5f.ti-arm-clang.release.lib : csirx.obj (.text.CSIRX_contextSetPingPongAddress)
                  10290082    00000002     --HOLE-- [fill = 0]
                  10290084    0000003c                                                 : edma.obj (.text.EDMA_getBaseAddr)
                  102900c0    0000003c     libmmwave_cascade_am273x.aer5f : mmwave_link_common.oer5f (.text.MMWave_internalLinkSync)
                  102900fc    00000004     --HOLE-- [fill = 0]
                  10290100    0000003c                                    : mmwave_link_spi_22xx.oer5f (.text.MMWave_spiOpen)
                  1029013c    0000003c     freertos.am273x.r5f.ti-arm-clang.release.lib : timers.obj (.text.prvInsertTimerInActiveList)
                  10290178    00000008     --HOLE-- [fill = 0]
                  10290180    0000003a     ti_dpl_config.oer5f (.text.Dpl_init)
                  102901ba    0000003a     freertos.am273x.r5f.ti-arm-clang.release.lib : HeapP_internal.obj (.text.prvInsertBlockIntoFreeList)
                  102901f4    0000000c     --HOLE-- [fill = 0]
                  10290200    0000003a     libmmwavelink_cascade_am273x.aer5f : rl_device.oer5f (.text.rlDeviceRfStart)
                  1029023a    00000002     --HOLE-- [fill = 0]
                  1029023c    00000038     drivers.am273x.r5f.ti-arm-clang.release.lib : mibspi_v0.obj (.text.MIBSPI_getPhase)
                  10290274    00000038                                                 : mibspi_v0.obj (.text.MIBSPI_getPolarity)
                  102902ac    00000004     --HOLE-- [fill = 0]
                  102902b0    00000038     common.oer5f (.text.Mmwave_ctrlTask)
                  102902e8    00000008     --HOLE-- [fill = 0]
                  102902f0    00000038     libmmwavelink_cascade_am273x.aer5f : rl_device.oer5f (.text.rlDeviceSetHsiClk)
                  10290328    00000008     --HOLE-- [fill = 0]
                  10290330    00000038                                        : rl_sensor.oer5f (.text.rlEnableContMode)
                  10290368    00000008     --HOLE-- [fill = 0]
                  10290370    00000038                                        : rl_sensor.oer5f (.text.rlRfGetTemperatureReport)
                  102903a8    00000008     --HOLE-- [fill = 0]
                  102903b0    00000038                                        : rl_sensor.oer5f (.text.rlRfInit)
                  102903e8    00000008     --HOLE-- [fill = 0]
                  102903f0    00000038                                        : rl_sensor.oer5f (.text.rlRfInitCalibConfig)
                  10290428    00000008     --HOLE-- [fill = 0]
                  10290430    00000038                                        : rl_sensor.oer5f (.text.rlRfRunTimeCalibConfig)
                  10290468    00000008     --HOLE-- [fill = 0]
                  10290470    00000038                                        : rl_sensor.oer5f (.text.rlRfSetCalMonFreqLimitConfig)
                  102904a8    00000008     --HOLE-- [fill = 0]
                  102904b0    00000038                                        : rl_sensor.oer5f (.text.rlRfSetCalMonTimeUnitConfig)
                  102904e8    00000008     --HOLE-- [fill = 0]
                  102904f0    00000038                                        : rl_sensor.oer5f (.text.rlRfSetDeviceCfg)
                  10290528    00000008     --HOLE-- [fill = 0]
                  10290530    00000038                                        : rl_sensor.oer5f (.text.rlRfSetLdoBypassConfig)
                  10290568    00000008     --HOLE-- [fill = 0]
                  10290570    00000038                                        : rl_sensor.oer5f (.text.rlRfSetMiscConfig)
                  102905a8    00000008     --HOLE-- [fill = 0]
                  102905b0    00000038                                        : rl_sensor.oer5f (.text.rlSensorStart)
                  102905e8    00000008     --HOLE-- [fill = 0]
                  102905f0    00000038                                        : rl_sensor.oer5f (.text.rlSensorStop)
                  10290628    00000008     --HOLE-- [fill = 0]
                  10290630    00000038                                        : rl_sensor.oer5f (.text.rlSetAdcOutConfig)
                  10290668    00000008     --HOLE-- [fill = 0]
                  10290670    00000038                                        : rl_sensor.oer5f (.text.rlSetAdvChirpConfig)
                  102906a8    00000008     --HOLE-- [fill = 0]
                  102906b0    00000038                                        : rl_sensor.oer5f (.text.rlSetBpmCommonConfig)
                  102906e8    00000008     --HOLE-- [fill = 0]
                  102906f0    00000038                                        : rl_sensor.oer5f (.text.rlSetChannelConfig)
                  10290728    00000008     --HOLE-- [fill = 0]
                  10290730    00000038                                        : rl_sensor.oer5f (.text.rlSetContModeConfig)
                  10290768    00000008     --HOLE-- [fill = 0]
                  10290770    00000038                                        : rl_sensor.oer5f (.text.rlSetLowPowerModeConfig)
                  102907a8    00000038     freertos.am273x.r5f.ti-arm-clang.release.lib : TaskP_freertos.obj (.text.vApplicationLoadHook)
                  102907e0    00000038                                                  : queue.obj (.text.vQueueDelete)
                  10290818    00000034                                                  : ClockP_freertos.obj (.text.ClockP_usleep)
                  1029084c    00000034     drivers.am273x.r5f.ti-arm-clang.release.lib : edma.obj (.text.EDMA_clrMissEvtRegion)
                  10290880    00000034     freertos.am273x.r5f.ti-arm-clang.release.lib : HeapP_freertos.obj (.text.HeapP_construct)
                  102908b4    00000034     libc.a : memory.c.obj (.text.free_list_remove)
                  102908e8    00000034     libsysbm.a : lseek.c.obj (.text.lseek)
                  1029091c    00000034     libc.a : fputs.c.obj (.text.puts)
                  10290950    00000034     libsysbm.a : write.c.obj (.text.write)
                  10290984    00000032     drivers.am273x.r5f.ti-arm-clang.release.lib : cbuff.obj (.text.CBUFF_clearStatus)
                  102909b6    00000032                                                 : csirx.obj (.text.CSIRX_complexioSetPullUpPullDown)
                  102909e8    00000032                                                 : edma.obj (.text.EDMA_unmapChToEvtQ)
                  10290a1a    00000032                                                 : mibspi_edma.obj (.text.MIBSPI_edmaOpen)
                  10290a4c    00000030                                                 : cbuff_lvds.obj (.text.CBUFF_closeLVDS)
                  10290a7c    00000030                                                 : cbuff.obj (.text.CBUFF_validateBufferCfg)
                  10290aac    00000030                                                 : gpio_v1.obj (.text.GPIO_markHighLowLevelInterrupt)
                  10290adc    00000030                                                 : soc_rcm.obj (.text.SOC_rcmGetModuleClkDivVal)
                  10290b0c    00000030     libc.a : snprintf.c.obj (.text._outc)
                  10290b3c    00000030            : vsnprintf.c.obj (.text._outc)
                  10290b6c    00000030     freertos.am273x.r5f.ti-arm-clang.release.lib : PmuP_armv7r_asm.obj (.text.pmu)
                  10290b9c    00000030                                                  : tasks.obj (.text.xTaskGetIdleTaskHandle)
                  10290bcc    0000002e     drivers.am273x.r5f.ti-arm-clang.release.lib : crc.obj (.text.CRC_channelReset)
                  10290bfa    0000002e                                                 : csirx.obj (.text.CSIRX_commonIsr)
                  10290c28    0000002e                                                 : edma.obj (.text.EDMA_enableChInShadowRegRegion)
                  10290c56    0000002e                                                 : gpio_v1.obj (.text.GPIO_setTrigType)
                  10290c84    0000002e                                                 : pinmux.obj (.text.Pinmux_config)
                  10290cb2    0000002e     freertos.am273x.r5f.ti-arm-clang.release.lib : list.obj (.text.vListInsert)
                  10290ce0    0000002c                                                  : ClockP_freertos.obj (.text.ClockP_timerTickIsr)
                  10290d0c    0000002c     drivers.am273x.r5f.ti-arm-clang.release.lib : edma.obj (.text.EDMA_getHandle)
                  10290d38    0000002c     libclang_rt.builtins.a : divsi3.S.obj (.text)
                  10290d64    0000002a     drivers.am273x.r5f.ti-arm-clang.release.lib : csirx.obj (.text.CSIRX_complexioGetLanePendingIntr)
                  10290d8e    0000002a                                                 : csirx.obj (.text.CSIRX_contextEnableOrDisable)
                  10290db8    00000028                                                 : crc.obj (.text.CRC_getPSASig)
                  10290de0    00000028                                                 : crc.obj (.text.CRC_getPSASigRegAddr)
                  10290e08    00000028                                                 : csirx.obj (.text.CSIRX_contextClearAllIntr)
                  10290e30    00000028                                                 : edma.obj (.text.EDMA_disableTccInShadowRegRegion)
                  10290e58    00000028                                                 : mibspi_edma.obj (.text.MIBSPI_edmaMapTcc2DmaReqLine)
                  10290e80    00000028     libmmwave_cascade_am273x.aer5f : mmwave.oer5f (.text.MMWave_decodeError)
                  10290ea8    00000028     libc.a : _printfi.c.obj (.text.strchr)
                  10290ed0    00000028     freertos.am273x.r5f.ti-arm-clang.release.lib : port.obj (.text.vApplicationStackOverflowHook)
                  10290ef8    00000028                                                  : queue.obj (.text.vQueueUnregisterQueue)
                  10290f20    00000026     drivers.am273x.r5f.ti-arm-clang.release.lib : edma.obj (.text.EDMA_enableTccInShadowRegRegion)
                  10290f46    00000026                                                 : edma.obj (.text.EDMA_setPaRAM)
                  10290f6c    00000026                                                 : mibspi_v0.obj (.text.MIBSPI_checkTGComplete)
                  10290f92    0000000e     --HOLE-- [fill = 0]
                  10290fa0    00000026     ti_drivers_config.oer5f (.text.System_init)
                  10290fc6    00000002     --HOLE-- [fill = 0]
                  10290fc8    00000024     drivers.am273x.r5f.ti-arm-clang.release.lib : csirx.obj (.text.CSIRX_init)
                  10290fec    00000024     freertos.am273x.r5f.ti-arm-clang.release.lib : ClockP_freertos.obj (.text.ClockP_sleep)
                  10291010    00000024                                                  : TimerP_rti.obj (.text.TimerP_Params_init)
                  10291034    0000000c     --HOLE-- [fill = 0]
                  10291040    00000024     uart_go.oer5f (.text.UartGo_getcNonBlock)
                  10291064    00000024     freertos.am273x.r5f.ti-arm-clang.release.lib : printf.obj (.text._atoi)
                  10291088    00000024                                                  : queue.obj (.text.prvCopyDataFromQueue)
                  102910ac    00000024                                                  : tasks.obj (.text.prvResetNextTaskUnblockTime)
                  102910d0    00000024                                                  : list.obj (.text.uxListRemove)
                  102910f4    00000024                                                  : queue.obj (.text.vQueueAddToRegistry)
                  10291118    00000024                                                  : tasks.obj (.text.vTaskExitCritical)
                  1029113c    00000024     libclang_rt.builtins.a : aeabi_uldivmod.S.obj (.text)
                  10291160    00000022     drivers.am273x.r5f.ti-arm-clang.release.lib : csirx.obj (.text.CSIRX_complexioGetPowerStatus)
                  10291182    00000022                                                 : csirx.obj (.text.CSIRX_complexioIsResetDone)
                  102911a4    00000022                                                 : edma.obj (.text.EDMA_linkChannel)
                  102911c6    00000022                                                 : gpio_v1.obj (.text.GPIO_setDirMode)
                  102911e8    00000022                                                 : mibspi_v0.obj (.text.MIBSPI_transferGroupDisable)
                  1029120a    00000020                                                 : cbuff_transfer.obj (.text.CBUFF_initLinkedList)
                  1029122a    00000020                                                 : csirx.obj (.text.CSIRX_commonDisable)
                  1029124a    00000020                                                 : csirx.obj (.text.CSIRX_commonEnable)
                  1029126a    00000020                                                 : csirx.obj (.text.CSIRX_complexioDeassertReset)
                  1029128a    00000020                                                 : csirx.obj (.text.CSIRX_complexioSetPowerCommand)
                  102912aa    00000002     --HOLE-- [fill = 0]
                  102912ac    00000020     freertos.am273x.r5f.ti-arm-clang.release.lib : DebugP_log.obj (.text.DebugP_logZoneEnable)
                  102912cc    00000020     drivers.am273x.r5f.ti-arm-clang.release.lib : soc_rcm.obj (.text.SOC_rcmGetR5ClockFrequency)
                  102912ec    00000020     freertos.am273x.r5f.ti-arm-clang.release.lib : queue.obj (.text.prvInitialiseNewQueue)
                  1029130c    00000020     libc.a : wcslen.c.obj (.text.wcslen)
                  1029132c    0000001e     drivers.am273x.r5f.ti-arm-clang.release.lib : mibspi_v0.obj (.text.MIBSPI_resetTransactionState)
                  1029134a    0000001c                                                 : csirx.obj (.text.CSIRX_commonClearAllIntr)
                  10291366    0000001c                                                 : csirx.obj (.text.CSIRX_complexioClearAllIntr)
                  10291382    0000001c     freertos.am273x.r5f.ti-arm-clang.release.lib : HeapP_freertos.obj (.text.HeapP_alloc)
                  1029139e    00000002     --HOLE-- [fill = 0]
                  102913a0    0000001c     libmmwave_cascade_am273x.aer5f : mmwave_listlib.oer5f (.text.MMWave_listRemove)
                  102913bc    0000001c     drivers.am273x.r5f.ti-arm-clang.release.lib : soc_rcm.obj (.text.SOC_rcmGetClkSrcFromClkSelVal)
                  102913d8    0000001c                                                 : soc_rcm.obj (.text.SOC_rcmGetR5Clock)
                  102913f4    0000001c     freertos.am273x.r5f.ti-arm-clang.release.lib : queue.obj (.text.prvInitialiseMutex)
                  10291410    0000001c     libc.a : _printfi.c.obj (.text.strlen)
                  1029142c    0000001c     libsysbm.a : hostrename.c.obj (.text.strlen)
                  10291448    0000001c     freertos.am273x.r5f.ti-arm-clang.release.lib : port.obj (.text.vApplicationGetIdleTaskMemory)
                  10291464    0000001c                                                  : port.obj (.text.vApplicationGetTimerTaskMemory)
                  10291480    0000001c                                                  : port.obj (.text.vPortTimerTickHandler)
                  1029149c    0000001c                                                  : printf.obj (.text.vprintf_)
                  102914b8    0000001c                                                  : queue.obj (.text.xQueueCreateMutexStatic)
                  102914d4    0000001c                                                  : tasks.obj (.text.xTaskGetSchedulerState)
                  102914f0    0000001c     libsysbm.a : memcpy32.S.obj (.text:TI_memcpy_small)
                  1029150c    0000001c     libclang_rt.builtins.a : aeabi_memset.S.obj (.text)
                  10291528    0000001a     drivers.am273x.r5f.ti-arm-clang.release.lib : cbuff_lvds.obj (.text.CBUFF_finalizeLVDSLinkListParams)
                  10291542    0000001a     freertos.am273x.r5f.ti-arm-clang.release.lib : CpuId_armv7r.obj (.text.CSL_armR5GetCpuID)
                  1029155c    0000001a     drivers.am273x.r5f.ti-arm-clang.release.lib : gpio_v1.obj (.text.GPIO_clearInterrupt)
                  10291576    0000001a                                                 : gpio_v1.obj (.text.GPIO_enableInterrupt)
                  10291590    0000001a     freertos.am273x.r5f.ti-arm-clang.release.lib : HeapP_freertos.obj (.text.HeapP_free)
                  102915aa    00000006     --HOLE-- [fill = 0]
                  102915b0    0000001a     libmmwave_cascade_am273x.aer5f : mmwave_listlib.oer5f (.text.MMWave_listAdd)
                  102915ca    00000006     --HOLE-- [fill = 0]
                  102915d0    0000001a     libmmwavelink_cascade_am273x.aer5f : rl_driver.oer5f (.text.rlDriverIsDeviceMapValid)
                  102915ea    0000001a     freertos.am273x.r5f.ti-arm-clang.release.lib : list.obj (.text.vListInsertEnd)
                  10291604    0000001a                                                  : heap_3.obj (.text.vPortFree)
                  1029161e    00000018     drivers.am273x.r5f.ti-arm-clang.release.lib : cbuff_transfer.obj (.text.CBUFF_shutdownTransfer)
                  10291636    00000018                                                 : gpio_v1.obj (.text.GPIO_pinRead)
                  1029164e    00000002     --HOLE-- [fill = 0]
                  10291650    00000018     libmmwave_cascade_am273x.aer5f : mmwave_osal.oer5f (.text.MMWave_osalMutexLock)
                  10291668    00000008     --HOLE-- [fill = 0]
                  10291670    00000018     main_mss.oer5f (.text.MmwCascade_CsiConfigTask)
                  10291688    00000018     freertos.am273x.r5f.ti-arm-clang.release.lib : TimerP_rti.obj (.text.TimerP_getCount)
                  102916a0    00000018                                                  : boot_armv7r.obj (.text._system_pre_init)
                  102916b8    00000018                                                  : queue.obj (.text.prvIsQueueEmpty)
                  102916d0    00000018                                                  : tasks.obj (.text.pvTaskIncrementMutexHeldCount)
                  102916e8    00000008     --HOLE-- [fill = 0]
                  102916f0    00000018     libmmwavelink_cascade_am273x.aer5f : rl_driver.oer5f (.text.rlDriverFillPayload)
                  10291708    00000018     freertos.am273x.r5f.ti-arm-clang.release.lib : tasks.obj (.text.vTaskEnterCritical)
                  10291720    00000018                                                  : port.obj (.text.xPortStartScheduler)
                  10291738    00000018                                                  : tasks.obj (.text.xTaskGetTickCount)
                  10291750    00000018     libsysbm.a : memset32.S.obj (.text:TI_memset_small)
                  10291768    00000016     drivers.am273x.r5f.ti-arm-clang.release.lib : gpio_v1.obj (.text.GPIO_pinWriteHigh)
                  1029177e    00000016                                                 : gpio_v1.obj (.text.GPIO_pinWriteLow)
                  10291794    00000016     freertos.am273x.r5f.ti-arm-clang.release.lib : list.obj (.text.vListInitialise)
                  102917aa    00000014     drivers.am273x.r5f.ti-arm-clang.release.lib : csirx.obj (.text.CSIRX_commonStartOfFrameIntr0Isr)
                  102917be    00000014                                                 : csirx.obj (.text.CSIRX_commonStartOfFrameIntr1Isr)
                  102917d2    00000002     --HOLE-- [fill = 0]
                  102917d4    00000014     freertos.am273x.r5f.ti-arm-clang.release.lib : ClockP_freertos.obj (.text.ClockP_usecToTicks)
                  102917e8    00000014     drivers.am273x.r5f.ti-arm-clang.release.lib : edma.obj (.text.EDMA_dmaSetPaRAMEntry)
                  102917fc    00000014                                                 : edma.obj (.text.EDMA_getRegionId)
                  10291810    00000014     libmmwave_cascade_am273x.aer5f : mmwave.oer5f (.text.MMWave_encodeError)
                  10291824    00000014     drivers.am273x.r5f.ti-arm-clang.release.lib : soc_rcm.obj (.text.SOC_rcmIsR5FInLockStepMode)
                  10291838    00000014     libsysbm.a : hostrename.c.obj (.text.strcpy)
                  1029184c    00000004     --HOLE-- [fill = 0]
                  10291850    00000012     libmmwave_cascade_am273x.aer5f : mmwave_osal.oer5f (.text.MMWave_osalSemWait)
                  10291862    0000000e     --HOLE-- [fill = 0]
                  10291870    00000012     libmmwavelink_cascade_am273x.aer5f : rl_controller.oer5f (.text.rlAppendDummy)
                  10291882    00000010     drivers.am273x.r5f.ti-arm-clang.release.lib : csirx.obj (.text.CSIRX_commonCombinedEndOfFrameIsr)
                  10291892    00000010                                                 : csirx.obj (.text.CSIRX_commonCombinedEndOfLineIsr)
                  102918a2    00000010                                                 : edma.obj (.text.EDMA_ccPaRAMEntry_init)
                  102918b2    0000000e     --HOLE-- [fill = 0]
                  102918c0    00000010     libmmwave_cascade_am273x.aer5f : mmwave_link_spi_22xx.oer5f (.text.MMWave_registerInterruptHandler)
                  102918d0    00000010     freertos.am273x.r5f.ti-arm-clang.release.lib : port.obj (.text.vPortYeildFromISR)
                  102918e0    00000010                                                  : tasks.obj (.text.vTaskInternalSetTimeOutState)
                  102918f0    00000010                                                  : tasks.obj (.text.vTaskSuspendAll)
                  10291900    0000000e     common.oer5f (.text.Mmwave_populateDefaultCalibrationCfg)
                  1029190e    00000002     --HOLE-- [fill = 0]
                  10291910    0000000e     ti_pinmux_config.oer5f (.text.Pinmux_init)
                  1029191e    00000002     --HOLE-- [fill = 0]
                  10291920    0000000e     libmmwavelink_cascade_am273x.aer5f : rl_driver.oer5f (.text.rlDriverGetPlatformId)
                  1029192e    00000002     --HOLE-- [fill = 0]
                  10291930    0000000c     libmmwave_cascade_am273x.aer5f : mmwave_osal.oer5f (.text.MMWave_osalMutexDelete)
                  1029193c    00000004     --HOLE-- [fill = 0]
                  10291940    0000000c                                    : mmwave_osal.oer5f (.text.MMWave_osalMutexUnlock)
                  1029194c    00000004     --HOLE-- [fill = 0]
                  10291950    0000000c                                    : mmwave_osal.oer5f (.text.MMWave_osalSemDelete)
                  1029195c    00000004     --HOLE-- [fill = 0]
                  10291960    0000000c                                    : mmwave_osal.oer5f (.text.MMWave_osalSemSignal)
                  1029196c    00000004     --HOLE-- [fill = 0]
                  10291970    0000000c     libmmwavelink_cascade_am273x.aer5f : rl_driver.oer5f (.text.rlDriverConstructOutMsg)
                  1029197c    00000004     --HOLE-- [fill = 0]
                  10291980    0000000a                                        : rl_driver.oer5f (.text.rlDriverGetHandle)
                  1029198a    00000006     --HOLE-- [fill = 0]
                  10291990    00000006                                        : rl_controller.oer5f (.text.rlGetSubBlockId)
                  10291996    0000000a     --HOLE-- [fill = 0]
                  102919a0    00000006                                        : rl_controller.oer5f (.text.rlGetSubBlockLen)
                  102919a6    0000000a     --HOLE-- [fill = 0]
                  102919b0    00000004     ti_board_open_close.oer5f (.text.Board_driversOpen)
                  102919b4    0000000c     --HOLE-- [fill = 0]
                  102919c0    00000004     libmmwave_cascade_am273x.aer5f : mmwave_link_spi_22xx.oer5f (.text.MMWave_disableDevice)
                  102919c4    0000000c     --HOLE-- [fill = 0]
                  102919d0    00000004                                    : mmwave_listlib.oer5f (.text.MMWave_listGetHead)
                  102919d4    0000000c     --HOLE-- [fill = 0]
                  102919e0    00000004                                    : mmwave_listlib.oer5f (.text.MMWave_listGetNext)
                  102919e4    0000000c     --HOLE-- [fill = 0]
                  102919f0    00000004                                    : mmwave_link_spi_22xx.oer5f (.text.MMWave_spiClose)
                  102919f4    0000000c     --HOLE-- [fill = 0]
                  10291a00    00000004     libclang_rt.builtins.a : aeabi_div0.c.obj (.text.__aeabi_idiv0)
                  10291a04    0000000c     --HOLE-- [fill = 0]
                  10291a10    00000004                            : aeabi_div0.c.obj (.text.__aeabi_ldiv0)
                  10291a14    0000000c     --HOLE-- [fill = 0]
                  10291a20    00000004     libmmwavelink_cascade_am273x.aer5f : rl_device.oer5f (.text.rlDeviceAddDevices)
                  10291a24    0000000c     --HOLE-- [fill = 0]
                  10291a30    00000002     ti_board_open_close.oer5f (.text.Board_driversClose)
                  10291a32    0000000e     --HOLE-- [fill = 0]
                  10291a40    00000002     ti_board_config.oer5f (.text.Board_init)
                  10291a42    0000000e     --HOLE-- [fill = 0]
                  10291a50    00000002     libmmwave_cascade_am273x.aer5f : mmwave_link_spi_22xx.oer5f (.text.MMWave_maskHostIRQ)
                  10291a52    0000000e     --HOLE-- [fill = 0]
                  10291a60    00000002                                    : mmwave_link_spi_22xx.oer5f (.text.MMWave_unmaskHostIRQ)
                  10291a62    0000000e     --HOLE-- [fill = 0]
[...]
1028d2c1  MMWave_osalSemCreate                 
1028d351  UartGo_printf                        
1028d3dc  __TI_doflush                         
1028d464  __TI_ltoa                            
1028d575  pxPortInitialiseStack                
1028d5fd  vHeapFree                            
1028d685  CBUFF_initLVDSLinkListParams         
1028d709  CBUFF_setupTransfer                  
1028d894  HOSTread                             
1028d918  HOSTwrite                            
1028d99d  SOC_controlModuleUnlockMMR           
1028da21  rlDeviceFileDownload                 
1028dab1  MmwCascade_csirxClose                
1028db41  UartGo_init                          
1028dc45  xTaskPriorityInherit                 
1028dcc5  CSIRX_reset                          
1028dd43  EDMA_configureChannelRegion          
1028de40  frexp                                
1028de40  frexpl                               
1028df39  vTaskGetInfo                         
1028dfb5  xTaskRemoveFromEventList             
1028e031  MMWave_osalMutexCreate               
1028e0ad  MIBSPI_init                          
1028e1a1  MMWave_initCRC                       
1028e221  rlDriverHostIrqHandler               
1028e298  snprintf                             
1028e3fd  xQueueGenericReset                   
1028e471  CSIRX_commonGetPendingIntr           
1028e4f1  MmwCascade_csirxInit                 
1028e561  PowerClock_init                      
1028e5d0  atoi                                 
1028e641  xTimerCreateTimerTask                
1028e6b1  EDMA_disableTransferRegion           
1028e71f  EDMA_enableTransferRegion            
1028e78d  EDMA_close                           
1028e7f8  HOSTunlink                           
1028e864  finddevice                           
1028e8d1  rlGetSubBlock                        
1028e93d  xTimerGenericCommand                 
1028ea19  SOC_controlModuleLockMMR             
1028ea81  _DebugP_logZone                      
1028eb50  vsnprintf                            
1028ec21  MMWave_open                          
1028ec89  SemaphoreP_constructBinary           
1028ecf1  rlDeviceAdvFrameConfigApply          
1028ed61  rlDeviceFrameConfigApply             
1028edc4  HOSTclose                            
1028ee31  MMWave_config                        
1028ef51  rlSetFrameConfig                     
1028efb1  MMWave_execute                       
1028f011  Drivers_close                        
1028f0c9  CycleCounterP_init                   
1028f0d9  CycleCounterP_nsToTicks              
1028f101  CycleCounterP_reset                  
1028f1db  CSIRX_contextGetPendingIntr          
1028f28d  _DebugP_assert                       
1028f2e4  __TI_cleanup                         
1028f33c  __TI_readmsg                         
1028f394  __TI_writemsg                        
1028f3e0  C$$IO$$                              
1028f545  SemaphoreP_pend                      
1028f5a1  UartGo_puts                          
1028f5f4  exit                                 
1028f651  rlSetAdvFrameConfig                  
1028f6a0  __TI_auto_init_nobinit_nopinit       
1028f6f1  EDMA_disableChInShadowRegRegion      
1028f78c  fclose                               
1028f831  rlAppendSubBlock                     
1028f87d  vTaskDelay                           
1028f8c9  vTaskPlaceOnEventListRestricted      
1028f915  SemaphoreP_post                      
1028f961  rlDeviceSetCsi2Config                
1028f9b1  rlDeviceSetDataFmtConfig             
1028fa01  rlDeviceSetDataPathClkConfig         
1028fa51  rlDeviceSetDataPathConfig            
1028faa1  rlDeviceSetLaneConfig                
1028faf1  rlDeviceSetMiscConfig                
1028fb3d  ClockP_getTimeUsec                   
1028fb91  MmwCascade_csirxCombinedEOFcallback  
1028fbe1  MmwCascade_csirxOpen                 
1028fc28  memccpy                              
1028fc70  unlink                               
1028fcb9  xQueueGiveMutexRecursive             
1028fd01  CRC_initialize                       
1028fd51  MMWave_listCat                       
1028fda1  MMWave_stop                          
1028fde7  vHeapCreateStatic                    
1028fe2d  vQueueWaitForMessageRestricted       
1028feb9  SemaphoreP_constructMutex            
1028ff41  xQueueTakeMutexRecursive             
1028ff85  EDMA_mapChToEvtQ                     
10290005  vTaskPlaceOnEventList                
10290045  CSIRX_contextSetPingPongAddress      
10290085  EDMA_getBaseAddr                     
102900c1  MMWave_internalLinkSync              
10290181  Dpl_init                             
10290201  rlDeviceRfStart                      
102902b1  Mmwave_ctrlTask                      
102902f1  rlDeviceSetHsiClk                    
10290331  rlEnableContMode                     
10290371  rlRfGetTemperatureReport             
102903b1  rlRfInit                             
102903f1  rlRfInitCalibConfig                  
10290431  rlRfRunTimeCalibConfig               
10290471  rlRfSetCalMonFreqLimitConfig         
102904b1  rlRfSetCalMonTimeUnitConfig          
102904f1  rlRfSetDeviceCfg                     
10290531  rlRfSetLdoBypassConfig               
10290571  rlRfSetMiscConfig                    
102905b1  rlSensorStart                        
102905f1  rlSensorStop                         
10290631  rlSetAdcOutConfig                    
10290671  rlSetAdvChirpConfig                  
102906b1  rlSetBpmCommonConfig                 
102906f1  rlSetChannelConfig                   
10290731  rlSetContModeConfig                  
10290771  rlSetLowPowerModeConfig              
102907a9  vApplicationLoadHook                 
102907e1  vQueueDelete                         
10290819  ClockP_usleep                        
1029084d  EDMA_clrMissEvtRegion                
10290881  HeapP_construct                      
102908e8  lseek                                
1029091c  puts                                 
10290950  write                                
102909e9  EDMA_unmapChToEvtQ                   
10290a1b  MIBSPI_edmaOpen                      
10290a4d  CBUFF_closeLVDS                      
10290aad  GPIO_markHighLowLevelInterrupt       
10290b6c  CycleCounterP_getCount32             
10290b74  PmuP_setup                           
10290b7c  PmuP_enableCounters                  
10290b84  PmuP_disableCounters                 
10290b8c  PmuP_getOverflowStatus               
10290b94  PmuP_clearOverflowStatus             
10290b9d  xTaskGetIdleTaskHandle               
10290bcd  CRC_channelReset                     
10290c29  EDMA_enableChInShadowRegRegion       
10290c57  GPIO_setTrigType                     
10290c85  Pinmux_config                        
10290cb3  vListInsert                          
10290ce1  ClockP_timerTickIsr                  
10290d0d  EDMA_getHandle                       
10290d38  __aeabi_idiv                         
10290d38  __divsi3                             
10290db9  CRC_getPSASig                        
10290de1  CRC_getPSASigRegAddr                 
10290e09  CSIRX_contextClearAllIntr            
10290e31  EDMA_disableTccInShadowRegRegion     
10290e81  MMWave_decodeError                   
10290ed1  vApplicationStackOverflowHook        
10290ef9  vQueueUnregisterQueue                
10290f21  EDMA_enableTccInShadowRegRegion      
10290f47  EDMA_setPaRAM                        
10290fa1  System_init                          
10290fc9  CSIRX_init                           
10290fed  ClockP_sleep                         
10291011  TimerP_Params_init                   
10291041  UartGo_getcNonBlock                  
102910d1  uxListRemove                         
102910f5  vQueueAddToRegistry                  
10291119  vTaskExitCritical                    
1029113c  __aeabi_uldivmod                     
10291161  CSIRX_complexioGetPowerStatus        
10291183  CSIRX_complexioIsResetDone           
102911a5  EDMA_linkChannel                     
102911c7  GPIO_setDirMode                      
1029122b  CSIRX_commonDisable                  
1029124b  CSIRX_commonEnable                   
1029126b  CSIRX_complexioDeassertReset         
1029128b  CSIRX_complexioSetPowerCommand       
102912ad  DebugP_logZoneEnable                 
1029130c  wcslen                               
1029134b  CSIRX_commonClearAllIntr             
10291367  CSIRX_complexioClearAllIntr          
10291383  HeapP_alloc                          
102913a1  MMWave_listRemove                    
102913d9  SOC_rcmGetR5Clock                    
10291449  vApplicationGetIdleTaskMemory        
10291465  vApplicationGetTimerTaskMemory       
10291481  vPortTimerTickHandler                
1029149d  vprintf_                             
102914b9  xQueueCreateMutexStatic              
102914d5  xTaskGetSchedulerState               
102914f0  TI_memcpy_small                      
1029150c  __aeabi_memset                       
1029150c  __aeabi_memset4                      
1029150c  __aeabi_memset8                      
1029151c  __aeabi_memclr                       
1029151c  __aeabi_memclr4                      
1029151c  __aeabi_memclr8                      
10291529  CBUFF_finalizeLVDSLinkListParams     
10291543  CSL_armR5GetCpuID                    
1029155d  GPIO_clearInterrupt                  
10291577  GPIO_enableInterrupt                 
10291591  HeapP_free                           
102915b1  MMWave_listAdd                       
102915d1  rlDriverIsDeviceMapValid             
102915eb  vListInsertEnd                       
10291605  vPortFree                            
1029161f  CBUFF_shutdownTransfer               
10291637  GPIO_pinRead                         
10291651  MMWave_osalMutexLock                 
10291689  TimerP_getCount                      
102916a1  _system_pre_init                     
102916d1  pvTaskIncrementMutexHeldCount        
102916f1  rlDriverFillPayload                  
10291709  vTaskEnterCritical                   
10291721  xPortStartScheduler                  
10291739  xTaskGetTickCount                    
10291750  TI_memset_small                      
10291769  GPIO_pinWriteHigh                    
1029177f  GPIO_pinWriteLow                     
10291795  vListInitialise                      
102917d5  ClockP_usecToTicks                   
102917e9  EDMA_dmaSetPaRAMEntry                
102917fd  EDMA_getRegionId                     
10291811  MMWave_encodeError                   
10291825  SOC_rcmIsR5FInLockStepMode           
10291851  MMWave_osalSemWait                   
10291871  rlAppendDummy                        
102918a3  EDMA_ccPaRAMEntry_init               
102918d1  vPortYeildFromISR                    
102918e1  vTaskInternalSetTimeOutState         
102918f1  vTaskSuspendAll                      
10291901  Mmwave_populateDefaultCalibrationCfg 
10291911  Pinmux_init                          
10291921  rlDriverGetPlatformId                
10291931  MMWave_osalMutexDelete               
10291941  MMWave_osalMutexUnlock               
10291951  MMWave_osalSemDelete                 
10291961  MMWave_osalSemSignal                 
10291971  rlDriverConstructOutMsg              
10291981  rlDriverGetHandle                    
10291991  rlGetSubBlockId                      
102919a1  rlGetSubBlockLen                     
102919b1  Board_driversOpen                    
102919d1  MMWave_listGetHead                   
102919e1  MMWave_listGetNext                   
10291a00  __aeabi_idiv0                        
10291a10  __aeabi_ldiv0                        
10291a21  rlDeviceAddDevices                   
10291a31  Board_driversClose                   
10291a41  Board_init                           
10291a71  putchar_                             
102984b8  gCacheConfig                         
102984c0  __aeabi_ctype_table_                 
102984c0  __aeabi_ctype_table_C                
102989d4  gCacheL1dCacheLineSize               
10298a28  gMpuRegionConfig                     
10298b60  gSocRcmPeripheralClkSrcInfoMap       
10298c4c  gMpuConfig                           
10298c58  gCacheL1pCacheLineSize               
10298c5c  uxTopUsedPriority                    
10298c80  advChirpLUTBuf                       
1029bc80  gCbuffSession                        
1029e57c  __TI_ft_end                          
102a0890  rl_rxMsg                             
102a0a90  rl_txMsg                             
102a0db0  _ftable                              
102a0ea0  gMibspiOpenParams                    
102a0f78  gMmwCascadeMCB                       
102a1188  gCsirxCommonConfig                   
102a12a0  _device                              
102a1384  gCsirxPhyEnable                      
102a1388  gCsirxDphyConfig                     
102a13a0  gCsirxComplexioConfig                
102a13ec  _stream                              
102a143c  gSocModules                          
102a1450  gSocModulesClockFrequency            
102a1480  pxCurrentTCB                         
102a1484  FreeRTOS_errno                       
102a14c0  phaseShifChirpCfgDev1                
102a1500  phaseShifChirpCfgDev2                
102a1540  gConfigCsirx0ContextConfig           
102a157c  gConfigCsirx1ContextConfig           
102a15b8  gCBUFFInterfaceFxn                   
102a15f0  gCbuffAttrs                          
102a1620  gCsirxHwAttrs_csirxA_r5f             
102a1650  gCsirxHwAttrs_csirxB_r5f             
102a1680  pmicRegRead                          
102a1681  gMaxTxTemp                           
102a1684  gTempStat1                           
102a1688  gTempStat2                           
102a168c  gTempPolls                           
102a1698  gEdmaConfig                          
102a16b0  gMibspiConfig                        
102a16e0  gClockConfig                         
102a16f4  ulCriticalNesting                    
102a16f8  ulPortYieldRequired                  
102a16fc  ulPortInterruptNesting               
102a1700  ulPortSchedularRunning               
102a1704  gCsirxConfig                         
102a1714  MCPI_Result                          
102a1718  MCPI_FailSignature                   
102a1720  gEdmaParams                          
102a172c  csirx0CommonCallBackArg              
102a1730  csirx1CommonCallBackArg              
102a173c  __TI_cleanup_ptr                     
102a1740  __TI_dtors_ptr                       
102a1744  __aeabi_errno                        
102a1758  _lock                                
102a175c  _unlock                              
102a1760  gAsyncCount                          
102a1764  gCbuffObjectPtr                      
102a1768  gCsirxConfigNum                      
102a176c  gDebugLogZone                        
102a1770  gEdmaConfigNum                       
102a1774  gHwiConfig                           
102a1778  gMCPILogMessageSize                  
102a177c  gMibspiConfigNum                     
102a1780  gReadBufIndex                        
102a1784  gWriteBufIndex                       
102a178c  ulPortTaskHasFPUContext              
102a1793  isMapAvailable                       
102a17c1  HwiP_enableInt                       
102a17e9  HwiP_disableInt                      
102a1819  HwiP_restoreInt                      
102a1825  HwiP_clearInt                        
102a1845  HwiP_post                            
102a186d  HwiP_Params_init                     
102a1881  HwiP_construct                       
102a19a9  HwiP_destruct                        
102a1a21  HwiP_init                            
102a1ae1  HwiP_inISR                           
102a1af4  vPortRestoreTaskContext              
102a1b2c  HwiP_svc_handler                     
102a1b9c  HwiP_irq_handler                     
102a1ce1  HwiP_irq_handler_c                   
102a1d71  HwiP_fiq_handler                     
102a1df1  HwiP_reserved_handler                
102a1e17  HwiP_undefined_handler               
102a1e3d  HwiP_prefetch_abort_handler          
102a1e63  HwiP_data_abort_handler              
102a1e88  HwiP_disable                         
102a1e98  HwiP_disableFIQ                      
102a1ea8  HwiP_enable                          
102a1eb8  HwiP_enableFIQ                       
102a1ec8  HwiP_restore                         
102a1ed0  HwiP_enableVIC                       
102a1ee0  HwiP_disableVIC                      
102a1ef0  HwiP_getCPSR                         
102a1f00  CacheP_disableL1d                    
102a1f28  CacheP_disableL1p                    
102a1f40  CacheP_enableL1d                     
102a1f58  CacheP_enableL1p                     
102a1f70  CacheP_invL1d                        
102a1fa8  CacheP_invL1p                        
102a1fe4  CacheP_invL1dAll                     
102a1fec  CacheP_invL1pAll                     
102a1ff4  CacheP_wb                            
102a2030  CacheP_wbInv                         
102a206c  CacheP_wbAll                         
102a2114  CacheP_wbInvAll                      
102a212c  CacheP_wbInvAllAsm                   
102a21cc  CacheP_getEnabled                    
102a2204  CacheP_getCacheLevelInfo             
102a2210  CacheP_configForceWrThru             
102a2230  CacheP_setDLFO                       
102a2241  CacheP_init                          
102a2299  CacheP_disable                       
102a22d3  CacheP_enable                        
102a22f3  CacheP_inv                           
102a2331  MpuP_RegionAttrs_init                
102a233f  MpuP_setRegion                       
102a23e3  MpuP_enable                          
102a241b  MpuP_disable                         
102a244d  MpuP_isEnable                        
102a2451  MpuP_init                            
102a24b0  MpuP_disableAsm                      
102a24c8  MpuP_disableBRAsm                    
102a24d8  MpuP_enableAsm                       
102a24f0  MpuP_enableBRAsm                     
102a2500  MpuP_isEnableAsm                     
102a2514  MpuP_setRegionAsm                    
102a2540  _c_int00_sbl                         
102a2564  _c_int00                             
102a263d  _DebugP_assertNoLog                  
102a2661  __mpu_init                           
102a2670  C$$EXIT                              
102a2670  abort                                
102a2678  __IRQ_STACK_START                    
102a2778  __FIQ_STACK_START                    
102a2778  __IRQ_STACK_END                      
102a2878  __FIQ_STACK_END                      
102a2878  __SVC_STACK_START                    
102a3878  __ABORT_STACK_START                  
102a3878  __SVC_STACK_END                      
102a3978  __ABORT_STACK_END                    
102a3978  __UNDEFINED_STACK_START              
102a3a78  __UNDEFINED_STACK_END                
88000000  CSIA_PongBuf                         
88001000  CSIB_PongBuf                         
88002000  CSIA_PingBuf                         
88003000  CSIB_PingBuf                         
88004000  gLvdsHeader                          
88004040  MCPI_logMessage                      
ffffffff  __TI_pprof_out_hndl                  
ffffffff  __TI_prof_data_size                  
ffffffff  __TI_prof_data_start                 
ffffffff  __binit__                            
ffffffff  binit                                
UNDEFED   __TI_CINIT_Base                      
UNDEFED   __TI_CINIT_Limit                     
UNDEFED   __TI_Handler_Table_Base              
UNDEFED   __TI_Handler_Table_Limit             
UNDEFED   _system_post_cinit                   

[634 symbols]
