******************************************************************************
            TI ARM Clang Linker PC v2.1.0                      
******************************************************************************
>> Linked Tue Aug 18 15:31:06 2026

OUTPUT FILE NAME:   <am273xDDMA/am273xDDMA_cascade_mss.xer5f>
ENTRY POINT SYMBOL: "_vectors"  address: 00000000


MEMORY CONFIGURATION

         name            origin    length      used     unused   attr    fill
----------------------  --------  ---------  --------  --------  ----  --------
  R5F_VECS              00000000   00000040  00000040  00000000  RWIX
  R5F_TCMA              00000040   00003fc0  00000000  00003fc0  RWIX
  R5F_TCMB              00080000   00004000  00000000  00004000  RWIX
  SBL_RESERVED_L2_RAM   10200000   00020000  00000000  00020000  RW  
  MSS_L2                10220000   000c8000  00081268  00046d98  RWIX
  HWA_RAM               82000000   00020000  00000000  00020000  RW  
  DSS_L3                88000000   00390000  00006410  00389bf0  RWIX
  RTOS_NORTOS_IPC_SHM_M c5000000   00001f40  00000000  00001f40  RWIX


SEGMENT ALLOCATION MAP

run origin  load origin   length   init length attrs members
----------  ----------- ---------- ----------- ----- -------
00000000    00000000    00000040   00000040    r-x
  00000000    00000000    00000040   00000040    r-x .vectors
10220000    10220000    00058d80   00000000    rw-
  10220000    10220000    00055d80   00000000    rw- .bss
  10275d80    10275d80    00001000   00000000    rw- .sysmem
  10276d80    10276d80    00002000   00000000    rw- .stack
10278d80    10278d80    0001d6f0   0001d6f0    r-x
  10278d80    10278d80    00016830   00016830    r-x .text
  1028f5b0    1028f5b0    00006ec0   00006ec0    r-- .rodata
10296480    10296480    00008b40   00008b40    rw-
  10296480    10296480    00008b40   00008b40    rw- .data
1029efc0    1029efc0    00000d78   00000d78    r-x
  1029efc0    1029efc0    00000740   00000740    r-x .text.hwi
  1029f700    1029f700    00000430   00000430    r-x .text.cache
  1029fb30    1029fb30    00000208   00000208    r-x .text.mpu
1029fd40    1029fd40    00001538   00000138    r-x
  1029fd40    1029fd40    00000130   00000130    r-x .text.boot
  1029fe70    1029fe70    00000008   00000008    r-x .text:abort
  1029fe78    1029fe78    00000100   00000000    r-- .irqstack
  1029ff78    1029ff78    00000100   00000000    r-- .fiqstack
  102a0078    102a0078    00001000   00000000    r-- .svcstack
  102a1078    102a1078    00000100   00000000    r-- .abortstack
  102a1178    102a1178    00000100   00000000    r-- .undefinedstack
88000000    88000000    00004010   00000000    rw-
  88000000    88000000    00004010   00000000    rw- .l3ram
88004040    88004040    00002400   00000000    rw-
  88004040    88004040    00002400   00000000    rw- .MCPILogBuffer


SECTION ALLOCATION MAP

 output                                  attributes/
section   page    origin      length       input sections
--------  ----  ----------  ----------   ----------------
.vectors   0    00000000    00000040     
                  00000000    00000040     freertos.am273x.r5f.ti-arm-clang.release.lib : HwiP_armv7r_vectors_freertos_asm.obj (.vectors)

.bss       0    10220000    00055d80     UNINITIALIZED
                  10220000    00020000     (.common:gAppTskStackMain)
                  10240000    00020000     (.common:gCsiRxCfgTskStack)
                  10260000    00010000     (.common:gMmwCtrlTskStack)
                  10270000    00001008     (.common:gHwiCtrl)
                  10271008    00001000     freertos.am273x.r5f.ti-arm-clang.release.lib : port.obj (.bss.uxIdleTaskStack)
                  10272008    00001000     (.common:gReadBuf)
                  10273008    00000038     (.common:gClockCtrl)
                  10273040    00000800     libmmwave_cascade_am273x.aer5f : mmwave_link_common.oer5f (.bss.gBpmHeapMem)
                  10273840    0000063c     ti_drivers_config.oer5f (.bss.gMibspiObjects)
                  10273e7c    000004f4     (.common:gMMWave_MCB)
                  10274370    00000400     freertos.am273x.r5f.ti-arm-clang.release.lib : port.obj (.bss.uxTimerTaskStack)
                  10274770    00000400     (.common:gWriteBuf)
                  10274b70    00000280                                                  : tasks.obj (.bss.pxReadyTasksLists)
                  10274df0    00000238     ti_drivers_config.oer5f (.bss.gCsirxObjects)
                  10275028    00000138     ti_drivers_config.oer5f (.bss.gEdmaObjects)
                  10275160    00000130     (.common:gCSIRXState)
                  10275290    00000120     libsysbm.a : trgmsg.c.obj (.bss:_CIOBUF_)
                  102753b0    00000100     freertos.am273x.r5f.ti-arm-clang.release.lib : timers.obj (.bss.prvCheckForValidListAndQueue.ucStaticTimerQueueStorage)
                  102754b0    00000100     (.common:xQueueRegistry)
                  102755b0    000000a0     (.common:__TI_tmpnams)
                  10275650    000000a0     (.common:gTaskP_ctrl)
                  102756f0    00000098                                                  : DebugP_freertos.obj (.bss.gDebugLogLockObj)
                  10275788    0000008c                                                  : port.obj (.bss.xIdleTaskTCB)
                  10275814    0000008c                                                  : port.obj (.bss.xTimerTaskTCB)
                  102758a0    0000008c     (.common:gAppTaskObj)
                  1027592c    0000008c     (.common:gCsiConfigTaskObj)
                  102759b8    0000008c     (.common:gMmwCtrlTaskObj)
                  10275a44    00000080     libmmwave_cascade_am273x.aer5f : mmwave_link_common.oer5f (.bss.gBpmHeapObj)
                  10275ac4    00000080                                    : mmwave_fullcfg.oer5f (.bss.gMmwHeapObj)
                  10275b44    00000080     (.common:gCbuffObject)
                  10275bc4    00000050     freertos.am273x.r5f.ti-arm-clang.release.lib : timers.obj (.bss.prvCheckForValidListAndQueue.xStaticTimerQueue)
                  10275c14    00000050     (.common:gRovDummyQueue)
                  10275c64    00000040     (.common:gAsyncLog)
                  10275ca4    00000040     (.common:gGpioHwiObject)
                  10275ce4    00000018     (.common:gTemp1)
                  10275cfc    00000018     (.common:gTemp2)
                  10275d14    00000010     (.common:virtToPhymap)
                  10275d24    0000000c     (.common:gEdmaHandle)
                  10275d30    0000000c     (.common:gMibspiHandle)
                  10275d3c    00000008     (.common:gCSIRXErrorCode)
                  10275d44    00000008     (.common:parmbuf)
                  10275d4c    00000004                                                  : HwiP_armv7r_handlers_freertos.obj (.bss.gdummy)
                  10275d50    00000004                                                  : HwiP_armv7r_vim.obj (.bss.gdummy)
                  10275d54    00000004     libc.a : memory.c.obj (.bss.sys_free)
                  10275d58    00000004     (.common:gAppTask)
                  10275d5c    00000004     (.common:gCsiConfigTask)
                  10275d60    00000004     (.common:gMmwCtrlTask)
                  10275d64    0000001c     --HOLE--

.sysmem    0    10275d80    00001000     UNINITIALIZED
                  10275d80    00000010     libc.a : memory.c.obj (.sysmem)
                  10275d90    00000ff0     --HOLE--

.stack     0    10276d80    00002000     UNINITIALIZED
                  10276d80    00000004     freertos.am273x.r5f.ti-arm-clang.release.lib : boot_armv7r_asm.obj (.stack)
                  10276d84    00001ffc     --HOLE--

.text      0    10278d80    00016830     
                  10278d80    000015e2     libmmwave_cascade_am273x.aer5f : mmwave_link_common.oer5f (.text.MMWave_configLink)
                  1027a362    00000002     freertos.am273x.r5f.ti-arm-clang.release.lib : AddrTranslateP_null.obj (.text.AddrTranslateP_getLocalAddr)
                  1027a364    00000de0     libc.a : _printfi.c.obj (.text:__TI_printfi_nofloat)
                  1027b144    0000000c     drivers.am273x.r5f.ti-arm-clang.release.lib : gpio_v1.obj (.text.GPIO_getHighLowLevelPendingInterrupt)
                  1027b150    00000ada     libmmwave_cascade_am273x.aer5f : mmwave_link_spi_22xx.oer5f (.text.MMWave_openLink)
                  1027bc2a    00000006     drivers.am273x.r5f.ti-arm-clang.release.lib : csirx.obj (.text.CSIRX_contextDisable)
                  1027bc30    00000772     common.oer5f (.text.Mmwave_populateDefaultChirpControlCfg)
                  1027c3a2    00000002     drivers.am273x.r5f.ti-arm-clang.release.lib : mibspi_edma.obj (.text.MIBSPI_edmaDoNothing)
                  1027c3a4    00000700                                                 : mibspi_v0.obj (.text.MIBSPI_open)
                  1027caa4    0000000c     libc.a : aeabi_portable.c.obj (.text.__aeabi_errno_addr)
                  1027cab0    000006d6     libmmwavelink_cascade_am273x.aer5f : rl_driver.oer5f (.text.rlDriverMsgRead)
                  1027d186    0000000a     drivers.am273x.r5f.ti-arm-clang.release.lib : soc.obj (.text.SOC_getSelfCpuClk)
                  1027d190    000005d6     libmmwavelink_cascade_am273x.aer5f : rl_driver.oer5f (.text.rlDriverCmdSendRetry)
                  1027d766    00000002     freertos.am273x.r5f.ti-arm-clang.release.lib : printf.obj (.text._out_null)
                  1027d768    000005a8                                                  : printf.obj (.text._vsnprintf)
                  1027dd10    00000564     main_mss.oer5f (.text.MmwCascade_mmWaveTest)
                  1027e274    0000000c     libc.a : memory.c.obj (.text.malloc)
                  1027e280    0000049e     libmmwave_cascade_am273x.aer5f : mmwave_link_common.oer5f (.text.MMWave_asyncEventHandler)
                  1027e71e    00000002     freertos.am273x.r5f.ti-arm-clang.release.lib : port.obj (.text.vPortConfigTimerForRunTimeStats)
                  1027e720    00000408     cascade_csirx.oer5f (.text.MmwCascade_CSIConfig)
                  1027eb28    00000008     drivers.am273x.r5f.ti-arm-clang.release.lib : edma.obj (.text.EDMA_allocDmaChannel)
                  1027eb30    00000398     cascade_lvds_stream.oer5f (.text.Cascade_LVDSStream_EDMAInit)
                  1027eec8    00000390     drivers.am273x.r5f.ti-arm-clang.release.lib : mibspi_edma.obj (.text.MIBSPI_edmaTransfer)
                  1027f258    0000035c                                                 : csirx.obj (.text.CSIRX_commonSetConfig)
                  1027f5b4    0000000c     freertos.am273x.r5f.ti-arm-clang.release.lib : tasks.obj (.text.vTaskMissedYield)
                  1027f5c0    00000308     libmmwavelink_cascade_am273x.aer5f : rl_sensor.oer5f (.text.rlSetMultiBpmChirpConfig)
                  1027f8c8    00000300     drivers.am273x.r5f.ti-arm-clang.release.lib : mibspi_v0.obj (.text.MIBSPI_dataTransfer)
                  1027fbc8    00000008                                                 : edma.obj (.text.EDMA_allocParam)
                  1027fbd0    00000300     libmmwavelink_cascade_am273x.aer5f : rl_driver.oer5f (.text.rlDriverInit)
                  1027fed0    000002f0     cascade_lvds_stream.oer5f (.text.Cascade_LVDSStream_EDMAAllocateCBUFFSwChannel)
                  102801c0    000002ec     libmmwave_cascade_am273x.aer5f : mmwave_link_common.oer5f (.text.MMWave_configureProfileChirp)
                  102804ac    00000004     drivers.am273x.r5f.ti-arm-clang.release.lib : cbuff_lvds.obj (.text.CBUFF_deinitLVDS)
                  102804b0    000002d8     freertos.am273x.r5f.ti-arm-clang.release.lib : printf.obj (.text._etoa)
                  10280788    00000008     drivers.am273x.r5f.ti-arm-clang.release.lib : edma.obj (.text.EDMA_allocTcc)
                  10280790    000002d4     libmmwavelink_cascade_am273x.aer5f : rl_sensor.oer5f (.text.rlSetChirpConfig)
                  10280a64    0000000c     freertos.am273x.r5f.ti-arm-clang.release.lib : tasks.obj (.text.xTaskGetCurrentTaskHandle)
                  10280a70    000002d2     libtestlogger_am273x.aer5f : logger.oer5f (.text.MCPI_setFeatureTestResult)
                  10280d42    00000002     freertos.am273x.r5f.ti-arm-clang.release.lib : port.obj (.text.vPortValidateInterruptPriority)
                  10280d44    0000000c                                                  : CpuId_armv7r_asm.obj (.text)
                  10280d50    000002bc     main_mss.oer5f (.text.MmwCascade_initTask)
                  1028100c    00000004     freertos.am273x.r5f.ti-arm-clang.release.lib : ClockP_freertos_r5.obj (.text.ClockP_getTimerCount)
                  10281010    000002bc                                                  : printf.obj (.text._ftoa)
                  102812cc    00000004                                                  : ClockP_freertos_r5.obj (.text.ClockP_timerClearOverflowInt)
                  102812d0    000002b2     libmmwavelink_cascade_am273x.aer5f : rl_sensor.oer5f (.text.rlRfSetPhaseShiftConfig)
                  10281582    00000002     --HOLE-- [fill = 0]
                  10281584    000002a0     drivers.am273x.r5f.ti-arm-clang.release.lib : edma.obj (.text.EDMA_init)
                  10281824    00000288                                                 : soc_rcm.obj (.text.SOC_rcmSetPeripheralClock)
                  10281aac    00000004                                                 : soc.obj (.text.SOC_moduleClockEnable)
                  10281ab0    00000244     libmmwave_cascade_am273x.aer5f : mmwave_link_common.oer5f (.text.MMWave_computeCRC)
                  10281cf4    00000240     drivers.am273x.r5f.ti-arm-clang.release.lib : cbuff.obj (.text.CBUFF_open)
                  10281f34    0000000a     freertos.am273x.r5f.ti-arm-clang.release.lib : TimerP_rti.obj (.text.TimerP_getReloadCount)
                  10281f3e    00000002     --HOLE-- [fill = 0]
                  10281f40    0000023a     libmmwavelink_cascade_am273x.aer5f : rl_driver.oer5f (.text.rlDriverExecuteGetApi)
                  1028217a    00000002     --HOLE-- [fill = 0]
                  1028217c    00000238     drivers.am273x.r5f.ti-arm-clang.release.lib : cbuff_edma.obj (.text.CBUFF_configEDMA)
                  102823b4    0000000a     freertos.am273x.r5f.ti-arm-clang.release.lib : TimerP_rti.obj (.text.TimerP_start)
                  102823be    00000002     --HOLE-- [fill = 0]
                  102823c0    00000238     libmmwavelink_cascade_am273x.aer5f : rl_driver.oer5f (.text.rlDriverExecuteSetApi)
                  102825f8    00000008     drivers.am273x.r5f.ti-arm-clang.release.lib : edma.obj (.text.EDMA_freeDmaChannel)
                  10282600    0000021a     libmmwavelink_cascade_am273x.aer5f : rl_driver.oer5f (.text.rlDriverCmdInvoke)
                  1028281a    00000006     drivers.am273x.r5f.ti-arm-clang.release.lib : csirx.obj (.text.CSIRX_contextEnable)
                  10282820    00000216     cascade_csirx.oer5f (.text.MmwCascade_csirxCommonCallback)
                  10282a36    00000002     --HOLE-- [fill = 0]
                  10282a38    0000020c     drivers.am273x.r5f.ti-arm-clang.release.lib : mibspi_v0.obj (.text.MIBSPI_transfer)
                  10282c44    00000200     freertos.am273x.r5f.ti-arm-clang.release.lib : timers.obj (.text.prvTimerTask)
                  10282e44    000001fa     drivers.am273x.r5f.ti-arm-clang.release.lib : csirx.obj (.text.CSIRX_complexioSetConfig)
                  1028303e    00000002     --HOLE-- [fill = 0]
                  10283040    000001f4                                                 : cbuff_lvds.obj (.text.CBUFF_openLVDS)
                  10283234    0000000a     freertos.am273x.r5f.ti-arm-clang.release.lib : port.obj (.text.vApplicationIdleHook)
                  1028323e    00000002     --HOLE-- [fill = 0]
                  10283240    000001ee     libmmwave_cascade_am273x.aer5f : mmwave_link_common.oer5f (.text.MMWave_startLink)
                  1028342e    00000002     --HOLE-- [fill = 0]
                  10283430    000001e8     libmmwavelink_cascade_am273x.aer5f : rl_device.oer5f (.text.rlDevSetFillLUTBuff)
                  10283618    00000008     drivers.am273x.r5f.ti-arm-clang.release.lib : edma.obj (.text.EDMA_freeParam)
                  10283620    000001e4     libmmwavelink_cascade_am273x.aer5f : rl_driver.oer5f (.text.rlDriverMsgReadSpawnCtx)
                  10283804    000001e0     drivers.am273x.r5f.ti-arm-clang.release.lib : csirx.obj (.text.CSIRX_contextSetConfig)
                  102839e4    000001d0     libclang_rt.builtins.a : udivsi3.S.obj (.text)
                  10283bb4    00000008     drivers.am273x.r5f.ti-arm-clang.release.lib : edma.obj (.text.EDMA_freeTcc)
                  10283bbc    00000004                                                 : soc.obj (.text.SOC_moduleSetClockFrequency)
                  10283bc0    000001ca     libmmwavelink_cascade_am273x.aer5f : rl_driver.oer5f (.text.rlDriverAddDevice)
                  10283d8a    00000006     drivers.am273x.r5f.ti-arm-clang.release.lib : gpio_v1.obj (.text.GPIO_moduleEnable)
                  10283d90    000001c0                                                 : csirx.obj (.text.CSIRX_dphySetConfig)
                  10283f50    000001c0     libc.a : fopen.c.obj (.text._openfile)
                  10284110    000001b8            : memory.c.obj (.text.aligned_alloc)
                  102842c8    000001b8            : memory.c.obj (.text.free)
                  10284480    000001ac     drivers.am273x.r5f.ti-arm-clang.release.lib : mibspi_edma.obj (.text.MIBSPI_edmaAllocChResource)
                  1028462c    000001a4     libc.a : fputs.c.obj (.text.fputs)
                  102847d0    000001a4     freertos.am273x.r5f.ti-arm-clang.release.lib : queue.obj (.text.xQueueSemaphoreTake)
                  10284974    00000008                                                  : TimerP_rti.obj (.text.TimerP_clearOverflowInt)
                  1028497c    00000004     libc.a : _lock.c.obj (.text._nop)
                  10284980    000001a2     libmmwave_cascade_am273x.aer5f : mmwave_link_spi_22xx.oer5f (.text.MMWave_FirmwareDownload)
                  10284b22    00000002     --HOLE-- [fill = 0]
                  10284b24    0000019c     drivers.am273x.r5f.ti-arm-clang.release.lib : cbuff.obj (.text.CBUFF_activateSession)
                  10284cc0    0000019c                                                 : cbuff.obj (.text.CBUFF_createSession)
                  10284e5c    00000004     libc.a : fprintf.c.obj (.text._outc)
                  10284e60    0000019c     libmmwave_cascade_am273x.aer5f : mmwave_link_spi_22xx.oer5f (.text.MMWave_spiRead)
                  10284ffc    00000004     libc.a : printf.c.obj (.text._outc)
                  10285000    0000019a     libmmwave_cascade_am273x.aer5f : mmwave_link_spi_22xx.oer5f (.text.MMWave_spiWrite)
                  1028519a    00000002     --HOLE-- [fill = 0]
                  1028519c    00000184     freertos.am273x.r5f.ti-arm-clang.release.lib : queue.obj (.text.xQueueGenericSend)
                  10285320    00000174     libmmwavelink_cascade_am273x.aer5f : rl_device.oer5f (.text.rlDevicePowerOn)
                  10285494    00000164     drivers.am273x.r5f.ti-arm-clang.release.lib : cbuff_transfer.obj (.text.CBUFF_addLinkedList)
                  102855f8    00000154                                                 : cbuff_lvds.obj (.text.CBUFF_initLVDS)
                  1028574c    00000154     freertos.am273x.r5f.ti-arm-clang.release.lib : queue.obj (.text.xQueueReceive)
                  102858a0    0000014c     libc.a : s_ceil.c.obj (.text.ceil)
                  102859ec    00000004            : fprintf.c.obj (.text._outs)
                  102859f0    0000014a     cascade_lvds_stream.oer5f (.text.Cascade_LVDSStream_EDMAFreeCBUFFSwChannel)
                  10285b3a    00000002     --HOLE-- [fill = 0]
                  10285b3c    00000144     libc.a : setvbuf.c.obj (.text.setvbuf)
                  10285c80    0000013c     drivers.am273x.r5f.ti-arm-clang.release.lib : cbuff_transfer.obj (.text.CBUFF_setup_USER)
                  10285dbc    00000004     libc.a : printf.c.obj (.text._outs)
                  10285dc0    00000138     libmmwave_cascade_am273x.aer5f : mmwave_link_common.oer5f (.text.MMWave_deviceGetVersion)
                  10285ef8    00000008     freertos.am273x.r5f.ti-arm-clang.release.lib : printf.obj (.text._out_char)
                  10285f00    00000132     libmmwavelink_cascade_am273x.aer5f : rl_sensor.oer5f (.text.rlRfPhShiftCalibDataRestore)
                  10286032    00000008     freertos.am273x.r5f.ti-arm-clang.release.lib : port.obj (.text.uiPortGetRunTimeCounterValue)
                  1028603a    00000006                                                  : SemaphoreP_freertos.obj (.text.SemaphoreP_destruct)
                  10286040    0000012c     libmmwavelink_cascade_am273x.aer5f : rl_driver.oer5f (.text.rlDriverDeInit)
                  1028616c    00000128     freertos.am273x.r5f.ti-arm-clang.release.lib : ClockP_freertos_r5.obj (.text.ClockP_init)
                  10286294    00000006                                                  : port.obj (.text.prvTaskExitError)
                  1028629a    00000006                                                  : list.obj (.text.vListInitialiseItem)
                  102862a0    00000128     libmmwavelink_cascade_am273x.aer5f : rl_sensor.oer5f (.text.rlRfCalibDataRestore)
                  102863c8    00000004     libc.a : fseek.c.obj (.text.fseek)
                  102863cc    00000004     libsysbm.a : remove.c.obj (.text.remove)
                  102863d0    00000126     ti_drivers_open_close.oer5f (.text.Drivers_open)
                  102864f6    00000002     --HOLE-- [fill = 0]
                  102864f8    00000120     libsysbm.a : open.c.obj (.text.open)
                  10286618    00000118     drivers.am273x.r5f.ti-arm-clang.release.lib : cbuff_edma.obj (.text.CBUFF_closeEDMA)
                  10286730    00000118     freertos.am273x.r5f.ti-arm-clang.release.lib : TimerP_rti.obj (.text.TimerP_setup)
                  10286848    00000118     libclang_rt.builtins.a : udivmoddi4.S.obj (.text)
                  10286960    00000116     freertos.am273x.r5f.ti-arm-clang.release.lib : printf.obj (.text._ntoa_format)
                  10286a76    00000002     --HOLE-- [fill = 0]
                  10286a78    00000114     drivers.am273x.r5f.ti-arm-clang.release.lib : edma.obj (.text.EDMA_isResourceAllocated)
                  10286b8c    00000004     libclang_rt.builtins.a : aeabi_memcpy.S.obj (.text)
                  10286b90    00000114     libmmwave_cascade_am273x.aer5f : mmwave_link_spi_22xx.oer5f (.text.MMWave_gpioSpiIrqDevCallbackFxn)
                  10286ca4    00000112     drivers.am273x.r5f.ti-arm-clang.release.lib : edma.obj (.text.Alloc_resource)
                  10286db6    00000002     --HOLE-- [fill = 0]
                  10286db8    00000110                                                 : mibspi_v0.obj (.text.MIBSPI_close)
                  10286ec8    00000008     freertos.am273x.r5f.ti-arm-clang.release.lib : HwiP_armv7r_asm.obj (.tramp.HwiP_restore.1)
                  10286ed0    0000010a     libmmwavelink_cascade_am273x.aer5f : rl_sensor.oer5f (.text.rlSetMultiAdvChirpLUTConfig)
                  10286fda    00000002     --HOLE-- [fill = 0]
                  10286fdc    00000108     drivers.am273x.r5f.ti-arm-clang.release.lib : edma.obj (.text.EDMA_transferCompletionMasterIsrFxn)
                  102870e4    00000102                                                 : mibspi_v0.obj (.text.MIBSPI_dmaDoneCb)
                  102871e6    00000002     --HOLE-- [fill = 0]
                  102871e8    000000fc                                                 : cbuff.obj (.text.CBUFF_close)
                  102872e4    000000fc                                                 : edma.obj (.text.EDMA_open)
                  102873e0    000000fc                                                 : mibspi_edma.obj (.text.MIBSPI_edmaFreeChResource)
                  102874dc    00000004     --HOLE-- [fill = 0]
                  102874e0    000000fc     libmmwave_cascade_am273x.aer5f : mmwave_fullcfg.oer5f (.text.MMWave_addChirp)
                  102875dc    00000004     --HOLE-- [fill = 0]
                  102875e0    000000fa                                    : mmwave_fullcfg.oer5f (.text.MMWave_getChirpHandle)
                  102876da    00000006     --HOLE-- [fill = 0]
                  102876e0    000000f8                                    : mmwave_link_common.oer5f (.text.MMWave_executeLink)
                  102877d8    000000f8     libc.a : fopen.c.obj (.text.fopen)
                  102878d0    000000f4     freertos.am273x.r5f.ti-arm-clang.release.lib : queue.obj (.text.xQueueGenericSendFromISR)
                  102879c4    000000f0     drivers.am273x.r5f.ti-arm-clang.release.lib : crc.obj (.text.CRC_configure)
                  10287ab4    000000ee                                                 : mibspi_v0.obj (.text.MIBSPI_ISR)
                  10287ba2    00000002     --HOLE-- [fill = 0]
                  10287ba4    000000ec     freertos.am273x.r5f.ti-arm-clang.release.lib : HeapP_internal.obj (.text.pvHeapMalloc)
                  10287c90    000000ea     libmmwave_cascade_am273x.aer5f : mmwave_fullcfg.oer5f (.text.MMWave_addProfile)
                  10287d7a    00000002     --HOLE-- [fill = 0]
                  10287d7c    000000e8     drivers.am273x.r5f.ti-arm-clang.release.lib : edma.obj (.text.EDMA_freeResource)
                  10287e64    000000e8     libc.a : fputc.c.obj (.text.fputc)
                  10287f4c    000000e8     freertos.am273x.r5f.ti-arm-clang.release.lib : tasks.obj (.text.vTaskSwitchContext)
                  10288034    000000e4     drivers.am273x.r5f.ti-arm-clang.release.lib : soc.obj (.text.SOC_virtToPhy)
                  10288118    000000e0     freertos.am273x.r5f.ti-arm-clang.release.lib : queue.obj (.text.xQueueGiveFromISR)
                  102881f8    000000e0                                                  : tasks.obj (.text.xTaskIncrementTick)
                  102882d8    000000d8                                                  : queue.obj (.text.xQueueGenericCreateStatic)
                  102883b0    000000d6     libmmwave_cascade_am273x.aer5f : mmwave_fullcfg.oer5f (.text.MMWave_getBpmChirpHandle)
                  10288486    00000002     --HOLE-- [fill = 0]
                  10288488    00000008     libclang_rt.builtins.a : aeabi_memcpy.S.obj (.tramp.__aeabi_memcpy.1)
                  10288490    000000d6     libmmwave_cascade_am273x.aer5f : mmwave_fullcfg.oer5f (.text.MMWave_getPhaseShiftChirpHandle)
                  10288566    00000002     --HOLE-- [fill = 0]
                  10288568    000000d4     drivers.am273x.r5f.ti-arm-clang.release.lib : mibspi_soc.obj (.text.MIBSPI_socMemInit)
                  1028863c    000000d2                                                 : csirx.obj (.text.CSIRX_close)
                  1028870e    00000002     --HOLE-- [fill = 0]
                  10288710    000000d0     libmmwave_cascade_am273x.aer5f : mmwave_fullcfg.oer5f (.text.MMWave_getAdvChirpHandle)
                  102887e0    000000cc     drivers.am273x.r5f.ti-arm-clang.release.lib : soc_rcm.obj (.text.SOC_rcmGetPeripheralClockFrequency)
                  102888ac    00000004     --HOLE-- [fill = 0]
                  102888b0    000000ca     cascade_lvds_stream.oer5f (.text.Cascade_LVDSStreamSwConfig)
                  1028897a    00000006     --HOLE-- [fill = 0]
                  10288980    000000ca     libmmwave_cascade_am273x.aer5f : mmwave_fullcfg.oer5f (.text.MMWave_addPhaseShiftChirp)
                  10288a4a    00000006     --HOLE-- [fill = 0]
                  10288a50    000000c8     cascade_csirx.oer5f (.text.MmwCascade_combinedEOLcallback)
                  10288b18    000000c8     libc.a : getdevice.c.obj (.text.getdevice)
                  10288be0    000000c4     drivers.am273x.r5f.ti-arm-clang.release.lib : edma.obj (.text.EDMA_allocResource)
                  10288ca4    000000c4                                                 : edma.obj (.text.EDMA_unregisterIntr)
                  10288d68    000000c4     freertos.am273x.r5f.ti-arm-clang.release.lib : queue.obj (.text.xQueueReceiveFromISR)
                  10288e2c    000000c4                                                  : tasks.obj (.text.xTaskResumeAll)
                  10288ef0    000000c2     libmmwave_cascade_am273x.aer5f : mmwave_fullcfg.oer5f (.text.MMWave_getProfileHandle)
                  10288fb2    00000002     --HOLE-- [fill = 0]
                  10288fb4    00000008     freertos.am273x.r5f.ti-arm-clang.release.lib : HwiP_armv7r_asm.obj (.tramp.HwiP_enable.1)
                  10288fbc    00000004     --HOLE-- [fill = 0]
                  10288fc0    000000c0     libmmwave_cascade_am273x.aer5f : mmwave.oer5f (.text.MMWave_init)
                  10289080    000000c0     freertos.am273x.r5f.ti-arm-clang.release.lib : tasks.obj (.text.prvInitialiseNewTask)
                  10289140    000000c0                                                  : tasks.obj (.text.xTaskCreateStatic)
                  10289200    000000be     libmmwave_cascade_am273x.aer5f : mmwave_fullcfg.oer5f (.text.MMWave_getChirpCfg)
                  102892be    00000002     --HOLE-- [fill = 0]
                  102892c0    000000bc     drivers.am273x.r5f.ti-arm-clang.release.lib : cbuff.obj (.text.CBUFF_setVC)
                  1028937c    000000bc                                                 : edma.obj (.text.EDMA_registerIntr)
                  10289438    00000008     freertos.am273x.r5f.ti-arm-clang.release.lib : CacheP_armv7r_asm.obj (.tramp.CacheP_wb.1)
                  10289440    000000bc     libmmwave_cascade_am273x.aer5f : mmwave_link_common.oer5f (.text.MMWave_spawn)
                  102894fc    000000bc     freertos.am273x.r5f.ti-arm-clang.release.lib : tasks.obj (.text.prvAddNewTaskToReadyList)
                  102895b8    000000b8     drivers.am273x.r5f.ti-arm-clang.release.lib : soc_rcm.obj (.text.SOC_rcmGetDspHsDivOut)
                  10289670    000000b8                                                 : soc_rcm.obj (.text.SOC_rcmGetPerHsDivOut)
                  10289728    000000b8     freertos.am273x.r5f.ti-arm-clang.release.lib : timers.obj (.text.prvSampleTimeNow)
                  102897e0    000000b8     libmmwavelink_cascade_am273x.aer5f : rl_device.oer5f (.text.rlDeviceGetVersion)
                  10289898    00000008     freertos.am273x.r5f.ti-arm-clang.release.lib : PmuP_armv7r_asm.obj (.tramp.PmuP_enableCounters.1)
                  102898a0    000000b6     libmmwave_cascade_am273x.aer5f : mmwave_link_common.oer5f (.text.MMWave_stopLink)
                  10289956    00000002     --HOLE-- [fill = 0]
                  10289958    000000b4     drivers.am273x.r5f.ti-arm-clang.release.lib : edma.obj (.text.EDMA_freeChannelRegion)
                  10289a0c    000000b4     libc.a : fclose.c.obj (.text.__TI_closefile)
                  10289ac0    000000b4            : fseek.c.obj (.text.fseeko)
                  10289b74    000000b2     drivers.am273x.r5f.ti-arm-clang.release.lib : csirx.obj (.text.CSIRX_complexioGetPendingIntr)
                  10289c26    00000002     --HOLE-- [fill = 0]
                  10289c28    000000b0                                                 : csirx.obj (.text.CSIRX_open)
                  10289cd8    000000b0     freertos.am273x.r5f.ti-arm-clang.release.lib : TaskP_freertos.obj (.text.TaskP_loadUpdateAll)
                  10289d88    000000ac                                                  : printf.obj (.text._ntoa_long_long)
                  10289e34    0000000c     --HOLE-- [fill = 0]
                  10289e40    000000ac     libmmwavelink_cascade_am273x.aer5f : rl_driver.oer5f (.text.rlDriverConstructInMsg)
                  10289eec    00000004     --HOLE-- [fill = 0]
                  10289ef0    000000a8     libmmwave_cascade_am273x.aer5f : mmwave_link_spi_22xx.oer5f (.text.MMWave_initLink)
                  10289f98    000000a8     freertos.am273x.r5f.ti-arm-clang.release.lib : tasks.obj (.text.vTaskPriorityDisinheritAfterTimeout)
                  1028a040    000000a4     libmmwavelink_cascade_am273x.aer5f : rl_sensor.oer5f (.text.rlSetProfileConfig)
                  1028a0e4    000000a4     libc.a : memory.c.obj (.text.split)
                  1028a188    000000a4     freertos.am273x.r5f.ti-arm-clang.release.lib : tasks.obj (.text.xTaskPriorityDisinherit)
                  1028a22c    000000a0     libsysbm.a : hostrename.c.obj (.text.HOSTrename)
                  1028a2cc    00000004     --HOLE-- [fill = 0]
                  1028a2d0    0000009e     libmmwave_cascade_am273x.aer5f : mmwave_fullcfg.oer5f (.text.MMWave_getPhaseShiftChirpCfg)
                  1028a36e    00000002     --HOLE-- [fill = 0]
                  1028a370    0000009e                                    : mmwave_fullcfg.oer5f (.text.MMWave_getProfileCfg)
                  1028a40e    00000002     --HOLE-- [fill = 0]
                  1028a410    0000009c                                    : mmwave_fullcfg.oer5f (.text.MMWave_getNumAdvChirpParams)
                  1028a4ac    00000004     --HOLE-- [fill = 0]
                  1028a4b0    0000009c                                    : mmwave_fullcfg.oer5f (.text.MMWave_getNumBpmChirp)
                  1028a54c    00000004     --HOLE-- [fill = 0]
                  1028a550    0000009c                                    : mmwave_fullcfg.oer5f (.text.MMWave_getNumPhaseShiftChirp)
                  1028a5ec    00000004     --HOLE-- [fill = 0]
                  1028a5f0    0000009c                                    : mmwave_fullcfg.oer5f (.text.MMWave_getNumProfiles)
                  1028a68c    0000009c     libc.a : _io_perm.c.obj (.text.__TI_wrt_ok)
                  1028a728    00000008     --HOLE-- [fill = 0]
                  1028a730    0000009a     common.oer5f (.text.Mmwave_populateDefaultOpenCfg)
                  1028a7ca    00000002     --HOLE-- [fill = 0]
                  1028a7cc    00000098     libsysbm.a : hostlseek.c.obj (.text.HOSTlseek)
                  1028a864    00000098     libc.a : fprintf.c.obj (.text.fprintf)
                  1028a8fc    00000098            : printf.c.obj (.text.printf)
                  1028a994    0000000c     --HOLE-- [fill = 0]
                  1028a9a0    00000096     libmmwave_cascade_am273x.aer5f : mmwave.oer5f (.text.MMWave_start)
                  1028aa36    00000002     --HOLE-- [fill = 0]
                  1028aa38    00000094     libsysbm.a : hostopen.c.obj (.text.HOSTopen)
                  1028aacc    00000094     freertos.am273x.r5f.ti-arm-clang.release.lib : tasks.obj (.text.eTaskGetState)
                  1028ab60    00000094                                                  : tasks.obj (.text.vTaskDelete)
                  1028abf4    0000000c     --HOLE-- [fill = 0]
                  1028ac00    00000090     main_mss.oer5f (.text.configureTransfer)
                  1028ac90    00000090     freertos.am273x.r5f.ti-arm-clang.release.lib : tasks.obj (.text.vTaskStartScheduler)
                  1028ad20    0000008e     libmmwave_cascade_am273x.aer5f : mmwave_fullcfg.oer5f (.text.MMWave_getNumChirps)
                  1028adae    00000002     --HOLE-- [fill = 0]
                  1028adb0    0000008e                                    : mmwave_link_spi_22xx.oer5f (.text.MMWave_waitIRQStatus)
                  1028ae3e    00000002     --HOLE-- [fill = 0]
                  1028ae40    0000008c     cascade_lvds_stream.oer5f (.text.Cascade_LVDSStreamInit)
                  1028aecc    0000008c     freertos.am273x.r5f.ti-arm-clang.release.lib : printf.obj (.text._ntoa_long)
                  1028af58    0000008c     libsysbm.a : close.c.obj (.text.close)
                  1028afe4    0000008c     freertos.am273x.r5f.ti-arm-clang.release.lib : tasks.obj (.text.xTaskCheckForTimeOut)
                  1028b070    0000008a     libmmwave_cascade_am273x.aer5f : mmwave_osal.oer5f (.text.MMWave_osalSemCreate)
                  1028b0fa    00000002     --HOLE-- [fill = 0]
                  1028b0fc    00000088     libc.a : fflush.c.obj (.text.__TI_doflush)
                  1028b184    00000088     freertos.am273x.r5f.ti-arm-clang.release.lib : port.obj (.text.pxPortInitialiseStack)
                  1028b20c    00000088                                                  : HeapP_internal.obj (.text.vHeapFree)
                  1028b294    00000084     drivers.am273x.r5f.ti-arm-clang.release.lib : cbuff_lvds.obj (.text.CBUFF_initLVDSLinkListParams)
                  1028b318    00000084                                                 : cbuff_transfer.obj (.text.CBUFF_setupTransfer)
                  1028b39c    00000084                                                 : mibspi_edma.obj (.text.EDMA_rxCompletionIsrFxn)
                  1028b420    00000084                                                 : mibspi_edma.obj (.text.EDMA_txCompletionIsrFxn)
                  1028b4a4    00000084     libsysbm.a : hostread.c.obj (.text.HOSTread)
                  1028b528    00000084                : hostwrite.c.obj (.text.HOSTwrite)
                  1028b5ac    00000084     drivers.am273x.r5f.ti-arm-clang.release.lib : soc.obj (.text.SOC_controlModuleUnlockMMR)
                  1028b630    00000084     libmmwavelink_cascade_am273x.aer5f : rl_device.oer5f (.text.rlDeviceFileDownload)
                  1028b6b4    0000000c     --HOLE-- [fill = 0]
                  1028b6c0    00000082     cascade_csirx.oer5f (.text.MmwCascade_csirxClose)
                  1028b742    0000000e     --HOLE-- [fill = 0]
                  1028b750    00000082     main_mss.oer5f (.text.main)
                  1028b7d2    00000002     --HOLE-- [fill = 0]
                  1028b7d4    00000080     drivers.am273x.r5f.ti-arm-clang.release.lib : cbuff.obj (.text.CBUFF_ISR)
                  1028b854    00000080     freertos.am273x.r5f.ti-arm-clang.release.lib : tasks.obj (.text.xTaskPriorityInherit)
                  1028b8d4    0000007e     drivers.am273x.r5f.ti-arm-clang.release.lib : csirx.obj (.text.CSIRX_reset)
                  1028b952    0000007e                                                 : edma.obj (.text.EDMA_configureChannelRegion)
                  1028b9d0    0000007c     freertos.am273x.r5f.ti-arm-clang.release.lib : queue.obj (.text.prvCopyDataToQueue)
                  1028ba4c    0000007c                                                  : tasks.obj (.text.vTaskGetInfo)
                  1028bac8    0000007c                                                  : tasks.obj (.text.xTaskRemoveFromEventList)
                  1028bb44    0000000c     --HOLE-- [fill = 0]
                  1028bb50    0000007a     libmmwave_cascade_am273x.aer5f : mmwave_osal.oer5f (.text.MMWave_osalMutexCreate)
                  1028bbca    00000006     --HOLE-- [fill = 0]
                  1028bbd0    0000007a     libmmwavelink_cascade_am273x.aer5f : rl_device.oer5f (.text.rlDevicePowerOff)
                  1028bc4a    00000002     --HOLE-- [fill = 0]
                  1028bc4c    00000078     drivers.am273x.r5f.ti-arm-clang.release.lib : mibspi_v0.obj (.text.MIBSPI_init)
                  1028bcc4    00000078                                                 : mibspi_v0.obj (.text.MIBSPI_writeDataRAM)
                  1028bd3c    00000004     --HOLE-- [fill = 0]
                  1028bd40    00000078     libmmwave_cascade_am273x.aer5f : mmwave_link_common.oer5f (.text.MMWave_initCRC)
                  1028bdb8    00000008     --HOLE-- [fill = 0]
                  1028bdc0    00000078     libmmwavelink_cascade_am273x.aer5f : rl_driver.oer5f (.text.rlDriverHostIrqHandler)
                  1028be38    00000078     libc.a : snprintf.c.obj (.text.snprintf)
                  1028beb0    00000076     freertos.am273x.r5f.ti-arm-clang.release.lib : printf.obj (.text._out_rev)
                  1028bf26    00000002     --HOLE-- [fill = 0]
                  1028bf28    00000074     drivers.am273x.r5f.ti-arm-clang.release.lib : soc_rcm.obj (.text.SOC_rcmGetCoreFout)
                  1028bf9c    00000074     freertos.am273x.r5f.ti-arm-clang.release.lib : queue.obj (.text.xQueueGenericReset)
                  1028c010    00000072     drivers.am273x.r5f.ti-arm-clang.release.lib : csirx.obj (.text.CSIRX_commonGetPendingIntr)
                  1028c082    0000000e     --HOLE-- [fill = 0]
                  1028c090    00000070     cascade_csirx.oer5f (.text.MmwCascade_csirxInit)
                  1028c100    00000070     ti_power_clock_config.oer5f (.text.PowerClock_init)
                  1028c170    00000070     libc.a : atoi.c.obj (.text.atoi)
                  1028c1e0    00000070     freertos.am273x.r5f.ti-arm-clang.release.lib : timers.obj (.text.xTimerCreateTimerTask)
                  1028c250    0000006e     drivers.am273x.r5f.ti-arm-clang.release.lib : edma.obj (.text.EDMA_disableTransferRegion)
                  1028c2be    0000006e                                                 : edma.obj (.text.EDMA_enableTransferRegion)
                  1028c32c    0000006c                                                 : edma.obj (.text.EDMA_close)
                  1028c398    0000006c     libsysbm.a : hostunlink.c.obj (.text.HOSTunlink)
                  1028c404    0000000c     --HOLE-- [fill = 0]
                  1028c410    0000006c     libmmwave_cascade_am273x.aer5f : mmwave_link_common.oer5f (.text.MMWave_deinitLink)
                  1028c47c    00000004     --HOLE-- [fill = 0]
                  1028c480    0000006c     common.oer5f (.text.Mmwave_eventFxn)
                  1028c4ec    0000006c     libc.a : getdevice.c.obj (.text.finddevice)
                  1028c558    00000008     --HOLE-- [fill = 0]
                  1028c560    0000006c     libmmwavelink_cascade_am273x.aer5f : rl_controller.oer5f (.text.rlGetSubBlock)
                  1028c5cc    0000006c     freertos.am273x.r5f.ti-arm-clang.release.lib : timers.obj (.text.xTimerGenericCommand)
                  1028c638    00000008     --HOLE-- [fill = 0]
                  1028c640    00000068     libmmwave_cascade_am273x.aer5f : mmwave_link_spi_22xx.oer5f (.text.MMWave_enableDevice)
                  1028c6a8    00000068     drivers.am273x.r5f.ti-arm-clang.release.lib : soc.obj (.text.SOC_controlModuleLockMMR)
                  1028c710    00000068     freertos.am273x.r5f.ti-arm-clang.release.lib : DebugP_freertos.obj (.text._DebugP_logZone)
                  1028c778    00000068                                                  : queue.obj (.text.prvUnlockQueue)
                  1028c7e0    00000066     drivers.am273x.r5f.ti-arm-clang.release.lib : mibspi_v0.obj (.text.MIBSPI_readDataRAM)
                  1028c846    0000000a     --HOLE-- [fill = 0]
                  1028c850    00000066     libmmwave_cascade_am273x.aer5f : mmwave.oer5f (.text.MMWave_deinit)
                  1028c8b6    0000000a     --HOLE-- [fill = 0]
                  1028c8c0    00000066                                    : mmwave.oer5f (.text.MMWave_open)
                  1028c926    00000002     --HOLE-- [fill = 0]
                  1028c928    00000064     freertos.am273x.r5f.ti-arm-clang.release.lib : SemaphoreP_freertos.obj (.text.SemaphoreP_constructBinary)
                  1028c98c    00000004     --HOLE-- [fill = 0]
                  1028c990    00000064     libmmwavelink_cascade_am273x.aer5f : rl_device.oer5f (.text.rlDeviceAdvFrameConfigApply)
                  1028c9f4    0000000c     --HOLE-- [fill = 0]
                  1028ca00    00000064                                        : rl_device.oer5f (.text.rlDeviceFrameConfigApply)
                  1028ca64    00000060     libsysbm.a : hostclose.c.obj (.text.HOSTclose)
                  1028cac4    0000000c     --HOLE-- [fill = 0]
                  1028cad0    00000060     libmmwave_cascade_am273x.aer5f : mmwave.oer5f (.text.MMWave_config)
                  1028cb30    00000060     drivers.am273x.r5f.ti-arm-clang.release.lib : soc_rcm.obj (.text.SOC_rcmGetCoreHsDivOut)
                  1028cb90    00000060     freertos.am273x.r5f.ti-arm-clang.release.lib : tasks.obj (.text.prvAddCurrentTaskToDelayedList)
                  1028cbf0    00000060     libmmwavelink_cascade_am273x.aer5f : rl_sensor.oer5f (.text.rlSetFrameConfig)
                  1028cc50    0000005e     libmmwave_cascade_am273x.aer5f : mmwave.oer5f (.text.MMWave_execute)
                  1028ccae    00000002     --HOLE-- [fill = 0]
                  1028ccb0    0000005c     ti_drivers_open_close.oer5f (.text.Drivers_close)
                  1028cd0c    0000005c     freertos.am273x.r5f.ti-arm-clang.release.lib : PmuP_armv7r.obj (.text.pmu)
                  1028cd68    0000005c                                                  : timers.obj (.text.prvCheckForValidListAndQueue)
                  1028cdc4    0000000c     --HOLE-- [fill = 0]
                  1028cdd0    0000005a     cascade_lvds_stream.oer5f (.text.Cascade_LVDSStream_SwTriggerFrameDone)
                  1028ce2a    00000058     drivers.am273x.r5f.ti-arm-clang.release.lib : csirx.obj (.text.CSIRX_contextGetPendingIntr)
                  1028ce82    00000002     --HOLE-- [fill = 0]
                  1028ce84    00000058                                                 : mibspi_v0.obj (.text.MIBSPI_enablePinSettings)
                  1028cedc    00000058     freertos.am273x.r5f.ti-arm-clang.release.lib : DebugP_log.obj (.text._DebugP_assert)
                  1028cf34    00000058     libc.a : fopen.c.obj (.text.__TI_cleanup)
                  1028cf8c    00000058     libsysbm.a : trgmsg.c.obj (.text.__TI_readmsg)
                  1028cfe4    00000058                : trgmsg.c.obj (.text.__TI_writemsg)
                  1028d03c    00000058     libc.a : snprintf.c.obj (.text._outs)
                  1028d094    00000054     drivers.am273x.r5f.ti-arm-clang.release.lib : cbuff.obj (.text.CBUFF_ErrorISR)
                  1028d0e8    00000054                                                 : soc_rcm.obj (.text.SOC_rcmGetADPLLJFout)
                  1028d13c    00000054     freertos.am273x.r5f.ti-arm-clang.release.lib : SemaphoreP_freertos.obj (.text.SemaphoreP_pend)
                  1028d190    00000054     libc.a : exit.c.obj (.text.exit)
                  1028d1e4    0000000c     --HOLE-- [fill = 0]
                  1028d1f0    00000050     libmmwavelink_cascade_am273x.aer5f : rl_sensor.oer5f (.text.rlSetAdvFrameConfig)
                  1028d240    00000050     libc.a : autoinit.c.obj (.text:__TI_auto_init_nobinit_nopinit)
                  1028d290    0000004e     drivers.am273x.r5f.ti-arm-clang.release.lib : edma.obj (.text.EDMA_disableChInShadowRegRegion)
                  1028d2de    00000002     --HOLE-- [fill = 0]
                  1028d2e0    0000004c                                                 : soc_rcm.obj (.text.SOC_rcmGetXtalFrequency)
                  1028d32c    0000004c     libc.a : fclose.c.obj (.text.fclose)
                  1028d378    0000004c     freertos.am273x.r5f.ti-arm-clang.release.lib : tasks.obj (.text.prvIdleTask)
                  1028d3c4    0000000c     --HOLE-- [fill = 0]
                  1028d3d0    0000004c     libmmwavelink_cascade_am273x.aer5f : rl_controller.oer5f (.text.rlAppendSubBlock)
                  1028d41c    0000004c     freertos.am273x.r5f.ti-arm-clang.release.lib : tasks.obj (.text.vTaskDelay)
                  1028d468    0000004c                                                  : tasks.obj (.text.vTaskPlaceOnEventListRestricted)
                  1028d4b4    0000004a                                                  : SemaphoreP_freertos.obj (.text.SemaphoreP_post)
                  1028d4fe    00000002     --HOLE-- [fill = 0]
                  1028d500    0000004a     libmmwavelink_cascade_am273x.aer5f : rl_device.oer5f (.text.rlDeviceSetCsi2Config)
                  1028d54a    00000006     --HOLE-- [fill = 0]
                  1028d550    0000004a                                        : rl_device.oer5f (.text.rlDeviceSetDataFmtConfig)
                  1028d59a    00000006     --HOLE-- [fill = 0]
                  1028d5a0    0000004a                                        : rl_device.oer5f (.text.rlDeviceSetDataPathClkConfig)
                  1028d5ea    00000006     --HOLE-- [fill = 0]
                  1028d5f0    0000004a                                        : rl_device.oer5f (.text.rlDeviceSetDataPathConfig)
                  1028d63a    00000006     --HOLE-- [fill = 0]
                  1028d640    0000004a                                        : rl_device.oer5f (.text.rlDeviceSetLaneConfig)
                  1028d68a    00000006     --HOLE-- [fill = 0]
                  1028d690    0000004a                                        : rl_device.oer5f (.text.rlDeviceSetMiscConfig)
                  1028d6da    00000002     --HOLE-- [fill = 0]
                  1028d6dc    00000048     freertos.am273x.r5f.ti-arm-clang.release.lib : ClockP_freertos.obj (.text.ClockP_getTimeUsec)
                  1028d724    0000000c     --HOLE-- [fill = 0]
                  1028d730    00000048     cascade_csirx.oer5f (.text.MmwCascade_csirxCombinedEOFcallback)
                  1028d778    00000008     --HOLE-- [fill = 0]
                  1028d780    00000048     cascade_csirx.oer5f (.text.MmwCascade_csirxOpen)
                  1028d7c8    00000048     libc.a : memccpy.c.obj (.text.memccpy)
                  1028d810    00000048     libsysbm.a : unlink.c.obj (.text.unlink)
                  1028d858    00000048     freertos.am273x.r5f.ti-arm-clang.release.lib : queue.obj (.text.xQueueGiveMutexRecursive)
                  1028d8a0    00000046     drivers.am273x.r5f.ti-arm-clang.release.lib : crc.obj (.text.CRC_initialize)
                  1028d8e6    0000000a     --HOLE-- [fill = 0]
                  1028d8f0    00000046     libmmwave_cascade_am273x.aer5f : mmwave.oer5f (.text.MMWave_close)
                  1028d936    0000000a     --HOLE-- [fill = 0]
                  1028d940    00000046                                    : mmwave_listlib.oer5f (.text.MMWave_listCat)
                  1028d986    0000000a     --HOLE-- [fill = 0]
                  1028d990    00000046                                    : mmwave.oer5f (.text.MMWave_stop)
                  1028d9d6    00000046     freertos.am273x.r5f.ti-arm-clang.release.lib : HeapP_internal.obj (.text.vHeapCreateStatic)
                  1028da1c    00000046                                                  : queue.obj (.text.vQueueWaitForMessageRestricted)
                  1028da62    00000044     drivers.am273x.r5f.ti-arm-clang.release.lib : csirx.obj (.text.CSIRX_complexioSetLaneIntr)
                  1028daa6    00000002     --HOLE-- [fill = 0]
                  1028daa8    00000044     freertos.am273x.r5f.ti-arm-clang.release.lib : SemaphoreP_freertos.obj (.text.SemaphoreP_constructMutex)
                  1028daec    00000044                                                  : tasks.obj (.text.prvDeleteTCB)
                  1028db30    00000044                                                  : queue.obj (.text.xQueueTakeMutexRecursive)
                  1028db74    00000040     drivers.am273x.r5f.ti-arm-clang.release.lib : edma.obj (.text.EDMA_mapChToEvtQ)
                  1028dbb4    00000040     libc.a : memory.c.obj (.text.free_list_insert)
                  1028dbf4    00000040     freertos.am273x.r5f.ti-arm-clang.release.lib : tasks.obj (.text.vTaskPlaceOnEventList)
                  1028dc34    0000003e     drivers.am273x.r5f.ti-arm-clang.release.lib : csirx.obj (.text.CSIRX_contextSetPingPongAddress)
                  1028dc72    00000002     --HOLE-- [fill = 0]
                  1028dc74    0000003c                                                 : edma.obj (.text.EDMA_getBaseAddr)
                  1028dcb0    0000003c     libmmwave_cascade_am273x.aer5f : mmwave_link_common.oer5f (.text.MMWave_internalLinkSync)
                  1028dcec    00000004     --HOLE-- [fill = 0]
                  1028dcf0    0000003c                                    : mmwave_link_spi_22xx.oer5f (.text.MMWave_spiOpen)
                  1028dd2c    0000003c     freertos.am273x.r5f.ti-arm-clang.release.lib : timers.obj (.text.prvInsertTimerInActiveList)
                  1028dd68    00000008     --HOLE-- [fill = 0]
                  1028dd70    0000003a     ti_dpl_config.oer5f (.text.Dpl_init)
                  1028ddaa    0000003a     freertos.am273x.r5f.ti-arm-clang.release.lib : HeapP_internal.obj (.text.prvInsertBlockIntoFreeList)
                  1028dde4    0000000c     --HOLE-- [fill = 0]
                  1028ddf0    0000003a     libmmwavelink_cascade_am273x.aer5f : rl_device.oer5f (.text.rlDeviceRfStart)
                  1028de2a    00000002     --HOLE-- [fill = 0]
                  1028de2c    00000038     drivers.am273x.r5f.ti-arm-clang.release.lib : mibspi_v0.obj (.text.MIBSPI_getPhase)
                  1028de64    00000038                                                 : mibspi_v0.obj (.text.MIBSPI_getPolarity)
                  1028de9c    00000004     --HOLE-- [fill = 0]
                  1028dea0    00000038     common.oer5f (.text.Mmwave_ctrlTask)
                  1028ded8    00000008     --HOLE-- [fill = 0]
                  1028dee0    00000038     libmmwavelink_cascade_am273x.aer5f : rl_device.oer5f (.text.rlDeviceSetHsiClk)
                  1028df18    00000008     --HOLE-- [fill = 0]
                  1028df20    00000038                                        : rl_sensor.oer5f (.text.rlEnableContMode)
                  1028df58    00000008     --HOLE-- [fill = 0]
                  1028df60    00000038                                        : rl_sensor.oer5f (.text.rlRfGetTemperatureReport)
                  1028df98    00000008     --HOLE-- [fill = 0]
                  1028dfa0    00000038                                        : rl_sensor.oer5f (.text.rlRfInit)
                  1028dfd8    00000008     --HOLE-- [fill = 0]
                  1028dfe0    00000038                                        : rl_sensor.oer5f (.text.rlRfInitCalibConfig)
                  1028e018    00000008     --HOLE-- [fill = 0]
                  1028e020    00000038                                        : rl_sensor.oer5f (.text.rlRfRunTimeCalibConfig)
                  1028e058    00000008     --HOLE-- [fill = 0]
                  1028e060    00000038                                        : rl_sensor.oer5f (.text.rlRfSetCalMonFreqLimitConfig)
                  1028e098    00000008     --HOLE-- [fill = 0]
                  1028e0a0    00000038                                        : rl_sensor.oer5f (.text.rlRfSetCalMonTimeUnitConfig)
                  1028e0d8    00000008     --HOLE-- [fill = 0]
                  1028e0e0    00000038                                        : rl_sensor.oer5f (.text.rlRfSetDeviceCfg)
                  1028e118    00000008     --HOLE-- [fill = 0]
                  1028e120    00000038                                        : rl_sensor.oer5f (.text.rlRfSetLdoBypassConfig)
                  1028e158    00000008     --HOLE-- [fill = 0]
                  1028e160    00000038                                        : rl_sensor.oer5f (.text.rlRfSetMiscConfig)
                  1028e198    00000008     --HOLE-- [fill = 0]
                  1028e1a0    00000038                                        : rl_sensor.oer5f (.text.rlSensorStart)
                  1028e1d8    00000008     --HOLE-- [fill = 0]
                  1028e1e0    00000038                                        : rl_sensor.oer5f (.text.rlSensorStop)
                  1028e218    00000008     --HOLE-- [fill = 0]
                  1028e220    00000038                                        : rl_sensor.oer5f (.text.rlSetAdcOutConfig)
                  1028e258    00000008     --HOLE-- [fill = 0]
                  1028e260    00000038                                        : rl_sensor.oer5f (.text.rlSetAdvChirpConfig)
                  1028e298    00000008     --HOLE-- [fill = 0]
                  1028e2a0    00000038                                        : rl_sensor.oer5f (.text.rlSetBpmCommonConfig)
                  1028e2d8    00000008     --HOLE-- [fill = 0]
                  1028e2e0    00000038                                        : rl_sensor.oer5f (.text.rlSetChannelConfig)
                  1028e318    00000008     --HOLE-- [fill = 0]
                  1028e320    00000038                                        : rl_sensor.oer5f (.text.rlSetContModeConfig)
                  1028e358    00000008     --HOLE-- [fill = 0]
                  1028e360    00000038                                        : rl_sensor.oer5f (.text.rlSetLowPowerModeConfig)
                  1028e398    00000038     freertos.am273x.r5f.ti-arm-clang.release.lib : TaskP_freertos.obj (.text.vApplicationLoadHook)
                  1028e3d0    00000038                                                  : queue.obj (.text.vQueueDelete)
                  1028e408    00000034                                                  : ClockP_freertos.obj (.text.ClockP_usleep)
                  1028e43c    00000034     drivers.am273x.r5f.ti-arm-clang.release.lib : edma.obj (.text.EDMA_clrMissEvtRegion)
                  1028e470    00000034     freertos.am273x.r5f.ti-arm-clang.release.lib : HeapP_freertos.obj (.text.HeapP_construct)
                  1028e4a4    00000034     libc.a : memory.c.obj (.text.free_list_remove)
                  1028e4d8    00000034     libsysbm.a : lseek.c.obj (.text.lseek)
                  1028e50c    00000034     libc.a : fputs.c.obj (.text.puts)
                  1028e540    00000034     libsysbm.a : write.c.obj (.text.write)
                  1028e574    00000032     drivers.am273x.r5f.ti-arm-clang.release.lib : cbuff.obj (.text.CBUFF_clearStatus)
                  1028e5a6    00000032                                                 : csirx.obj (.text.CSIRX_complexioSetPullUpPullDown)
                  1028e5d8    00000032                                                 : edma.obj (.text.EDMA_unmapChToEvtQ)
                  1028e60a    00000032                                                 : mibspi_edma.obj (.text.MIBSPI_edmaOpen)
                  1028e63c    00000030                                                 : cbuff_lvds.obj (.text.CBUFF_closeLVDS)
                  1028e66c    00000030                                                 : cbuff.obj (.text.CBUFF_validateBufferCfg)
                  1028e69c    00000030                                                 : gpio_v1.obj (.text.GPIO_markHighLowLevelInterrupt)
                  1028e6cc    00000030                                                 : soc_rcm.obj (.text.SOC_rcmGetModuleClkDivVal)
                  1028e6fc    00000030     libc.a : snprintf.c.obj (.text._outc)
                  1028e72c    00000030     freertos.am273x.r5f.ti-arm-clang.release.lib : PmuP_armv7r_asm.obj (.text.pmu)
                  1028e75c    00000030                                                  : tasks.obj (.text.xTaskGetIdleTaskHandle)
                  1028e78c    0000002e     drivers.am273x.r5f.ti-arm-clang.release.lib : crc.obj (.text.CRC_channelReset)
                  1028e7ba    0000002e                                                 : csirx.obj (.text.CSIRX_commonIsr)
                  1028e7e8    0000002e                                                 : edma.obj (.text.EDMA_enableChInShadowRegRegion)
                  1028e816    0000002e                                                 : gpio_v1.obj (.text.GPIO_setTrigType)
                  1028e844    0000002e                                                 : pinmux.obj (.text.Pinmux_config)
                  1028e872    0000002e     freertos.am273x.r5f.ti-arm-clang.release.lib : list.obj (.text.vListInsert)
                  1028e8a0    0000002c                                                  : ClockP_freertos.obj (.text.ClockP_timerTickIsr)
                  1028e8cc    0000002c     drivers.am273x.r5f.ti-arm-clang.release.lib : edma.obj (.text.EDMA_getHandle)
                  1028e8f8    0000002a                                                 : csirx.obj (.text.CSIRX_complexioGetLanePendingIntr)
                  1028e922    0000002a                                                 : csirx.obj (.text.CSIRX_contextEnableOrDisable)
                  1028e94c    00000028                                                 : crc.obj (.text.CRC_getPSASig)
                  1028e974    00000028                                                 : crc.obj (.text.CRC_getPSASigRegAddr)
                  1028e99c    00000028                                                 : csirx.obj (.text.CSIRX_contextClearAllIntr)
                  1028e9c4    00000028                                                 : edma.obj (.text.EDMA_disableTccInShadowRegRegion)
                  1028e9ec    00000028                                                 : mibspi_edma.obj (.text.MIBSPI_edmaMapTcc2DmaReqLine)
                  1028ea14    0000000c     --HOLE-- [fill = 0]
                  1028ea20    00000028     libmmwave_cascade_am273x.aer5f : mmwave.oer5f (.text.MMWave_decodeError)
                  1028ea48    00000028     freertos.am273x.r5f.ti-arm-clang.release.lib : port.obj (.text.vApplicationStackOverflowHook)
                  1028ea70    00000028                                                  : queue.obj (.text.vQueueUnregisterQueue)
                  1028ea98    00000026     drivers.am273x.r5f.ti-arm-clang.release.lib : edma.obj (.text.EDMA_enableTccInShadowRegRegion)
                  1028eabe    00000026                                                 : edma.obj (.text.EDMA_setPaRAM)
                  1028eae4    00000026                                                 : mibspi_v0.obj (.text.MIBSPI_checkTGComplete)
                  1028eb0a    00000006     --HOLE-- [fill = 0]
                  1028eb10    00000026     ti_drivers_config.oer5f (.text.System_init)
                  1028eb36    00000002     --HOLE-- [fill = 0]
                  1028eb38    00000024     drivers.am273x.r5f.ti-arm-clang.release.lib : csirx.obj (.text.CSIRX_init)
                  1028eb5c    00000024     freertos.am273x.r5f.ti-arm-clang.release.lib : ClockP_freertos.obj (.text.ClockP_sleep)
                  1028eb80    00000024                                                  : TimerP_rti.obj (.text.TimerP_Params_init)
                  1028eba4    00000024                                                  : printf.obj (.text._atoi)
                  1028ebc8    00000024                                                  : queue.obj (.text.prvCopyDataFromQueue)
                  1028ebec    00000024                                                  : tasks.obj (.text.prvResetNextTaskUnblockTime)
                  1028ec10    00000024                                                  : list.obj (.text.uxListRemove)
                  1028ec34    00000024                                                  : queue.obj (.text.vQueueAddToRegistry)
                  1028ec58    00000024                                                  : tasks.obj (.text.vTaskExitCritical)
                  1028ec7c    00000024     libclang_rt.builtins.a : aeabi_uldivmod.S.obj (.text)
                  1028eca0    00000022     drivers.am273x.r5f.ti-arm-clang.release.lib : csirx.obj (.text.CSIRX_complexioGetPowerStatus)
                  1028ecc2    00000022                                                 : csirx.obj (.text.CSIRX_complexioIsResetDone)
                  1028ece4    00000022                                                 : edma.obj (.text.EDMA_linkChannel)
                  1028ed06    00000022                                                 : gpio_v1.obj (.text.GPIO_setDirMode)
                  1028ed28    00000022                                                 : mibspi_v0.obj (.text.MIBSPI_transferGroupDisable)
                  1028ed4a    00000020                                                 : cbuff_transfer.obj (.text.CBUFF_initLinkedList)
                  1028ed6a    00000020                                                 : csirx.obj (.text.CSIRX_commonDisable)
                  1028ed8a    00000020                                                 : csirx.obj (.text.CSIRX_commonEnable)
                  1028edaa    00000020                                                 : csirx.obj (.text.CSIRX_complexioDeassertReset)
                  1028edca    00000020                                                 : csirx.obj (.text.CSIRX_complexioSetPowerCommand)
                  1028edea    00000002     --HOLE-- [fill = 0]
                  1028edec    00000020     freertos.am273x.r5f.ti-arm-clang.release.lib : DebugP_log.obj (.text.DebugP_logZoneEnable)
                  1028ee0c    00000020     drivers.am273x.r5f.ti-arm-clang.release.lib : soc_rcm.obj (.text.SOC_rcmGetR5ClockFrequency)
                  1028ee2c    00000020     freertos.am273x.r5f.ti-arm-clang.release.lib : queue.obj (.text.prvInitialiseNewQueue)
                  1028ee4c    00000020     libc.a : wcslen.c.obj (.text.wcslen)
                  1028ee6c    0000001e     drivers.am273x.r5f.ti-arm-clang.release.lib : mibspi_v0.obj (.text.MIBSPI_resetTransactionState)
                  1028ee8a    0000001c                                                 : csirx.obj (.text.CSIRX_commonClearAllIntr)
                  1028eea6    0000001c                                                 : csirx.obj (.text.CSIRX_complexioClearAllIntr)
                  1028eec2    0000001c     freertos.am273x.r5f.ti-arm-clang.release.lib : HeapP_freertos.obj (.text.HeapP_alloc)
                  1028eede    00000002     --HOLE-- [fill = 0]
                  1028eee0    0000001c     libmmwave_cascade_am273x.aer5f : mmwave_listlib.oer5f (.text.MMWave_listRemove)
                  1028eefc    0000001c     drivers.am273x.r5f.ti-arm-clang.release.lib : soc_rcm.obj (.text.SOC_rcmGetR5Clock)
                  1028ef18    0000001c     freertos.am273x.r5f.ti-arm-clang.release.lib : queue.obj (.text.prvInitialiseMutex)
                  1028ef34    0000001c     libc.a : _printfi.c.obj (.text.strlen)
                  1028ef50    0000001c     libsysbm.a : hostrename.c.obj (.text.strlen)
                  1028ef6c    0000001c     freertos.am273x.r5f.ti-arm-clang.release.lib : port.obj (.text.vApplicationGetIdleTaskMemory)
                  1028ef88    0000001c                                                  : port.obj (.text.vApplicationGetTimerTaskMemory)
                  1028efa4    0000001c                                                  : port.obj (.text.vPortTimerTickHandler)
                  1028efc0    0000001c                                                  : printf.obj (.text.vprintf_)
                  1028efdc    0000001c                                                  : queue.obj (.text.xQueueCreateMutexStatic)
                  1028eff8    0000001c                                                  : tasks.obj (.text.xTaskGetSchedulerState)
                  1028f014    0000001c     libsysbm.a : memcpy32.S.obj (.text:TI_memcpy_small)
                  1028f030    0000001c     libclang_rt.builtins.a : aeabi_memset.S.obj (.text)
                  1028f04c    0000001a     drivers.am273x.r5f.ti-arm-clang.release.lib : cbuff_lvds.obj (.text.CBUFF_finalizeLVDSLinkListParams)
                  1028f066    0000001a     freertos.am273x.r5f.ti-arm-clang.release.lib : CpuId_armv7r.obj (.text.CSL_armR5GetCpuID)
                  1028f080    0000001a     drivers.am273x.r5f.ti-arm-clang.release.lib : gpio_v1.obj (.text.GPIO_clearInterrupt)
                  1028f09a    0000001a                                                 : gpio_v1.obj (.text.GPIO_enableInterrupt)
                  1028f0b4    0000001a     freertos.am273x.r5f.ti-arm-clang.release.lib : HeapP_freertos.obj (.text.HeapP_free)
                  1028f0ce    00000002     --HOLE-- [fill = 0]
                  1028f0d0    0000001a     libmmwave_cascade_am273x.aer5f : mmwave_listlib.oer5f (.text.MMWave_listAdd)
                  1028f0ea    00000006     --HOLE-- [fill = 0]
                  1028f0f0    0000001a     libmmwavelink_cascade_am273x.aer5f : rl_driver.oer5f (.text.rlDriverIsDeviceMapValid)
                  1028f10a    0000001a     freertos.am273x.r5f.ti-arm-clang.release.lib : list.obj (.text.vListInsertEnd)
                  1028f124    0000001a                                                  : heap_3.obj (.text.vPortFree)
                  1028f13e    00000018     drivers.am273x.r5f.ti-arm-clang.release.lib : cbuff_transfer.obj (.text.CBUFF_shutdownTransfer)
                  1028f156    00000018                                                 : gpio_v1.obj (.text.GPIO_pinRead)
                  1028f16e    00000002     --HOLE-- [fill = 0]
                  1028f170    00000018     libmmwave_cascade_am273x.aer5f : mmwave_osal.oer5f (.text.MMWave_osalMutexLock)
                  1028f188    00000008     --HOLE-- [fill = 0]
                  1028f190    00000018     main_mss.oer5f (.text.MmwCascade_CsiConfigTask)
                  1028f1a8    00000018     freertos.am273x.r5f.ti-arm-clang.release.lib : TimerP_rti.obj (.text.TimerP_getCount)
                  1028f1c0    00000018                                                  : boot_armv7r.obj (.text._system_pre_init)
                  1028f1d8    00000018                                                  : queue.obj (.text.prvIsQueueEmpty)
                  1028f1f0    00000018                                                  : tasks.obj (.text.pvTaskIncrementMutexHeldCount)
                  1028f208    00000008     --HOLE-- [fill = 0]
                  1028f210    00000018     libmmwavelink_cascade_am273x.aer5f : rl_driver.oer5f (.text.rlDriverFillPayload)
                  1028f228    00000018     freertos.am273x.r5f.ti-arm-clang.release.lib : tasks.obj (.text.vTaskEnterCritical)
                  1028f240    00000018                                                  : port.obj (.text.xPortStartScheduler)
                  1028f258    00000018                                                  : tasks.obj (.text.xTaskGetTickCount)
                  1028f270    00000018     libsysbm.a : memset32.S.obj (.text:TI_memset_small)
                  1028f288    00000016     drivers.am273x.r5f.ti-arm-clang.release.lib : gpio_v1.obj (.text.GPIO_pinWriteHigh)
                  1028f29e    00000016                                                 : gpio_v1.obj (.text.GPIO_pinWriteLow)
                  1028f2b4    00000016     freertos.am273x.r5f.ti-arm-clang.release.lib : list.obj (.text.vListInitialise)
                  1028f2ca    00000014     drivers.am273x.r5f.ti-arm-clang.release.lib : csirx.obj (.text.CSIRX_commonStartOfFrameIntr0Isr)
                  1028f2de    00000014                                                 : csirx.obj (.text.CSIRX_commonStartOfFrameIntr1Isr)
                  1028f2f2    00000002     --HOLE-- [fill = 0]
                  1028f2f4    00000014     freertos.am273x.r5f.ti-arm-clang.release.lib : ClockP_freertos.obj (.text.ClockP_usecToTicks)
                  1028f308    00000014     drivers.am273x.r5f.ti-arm-clang.release.lib : edma.obj (.text.EDMA_dmaSetPaRAMEntry)
                  1028f31c    00000014                                                 : edma.obj (.text.EDMA_getRegionId)
                  1028f330    00000014     libmmwave_cascade_am273x.aer5f : mmwave.oer5f (.text.MMWave_encodeError)
                  1028f344    00000014     drivers.am273x.r5f.ti-arm-clang.release.lib : soc_rcm.obj (.text.SOC_rcmIsR5FInLockStepMode)
                  1028f358    00000014     libsysbm.a : hostrename.c.obj (.text.strcpy)
                  1028f36c    00000004     --HOLE-- [fill = 0]
                  1028f370    00000012     libmmwave_cascade_am273x.aer5f : mmwave_osal.oer5f (.text.MMWave_osalSemWait)
                  1028f382    0000000e     --HOLE-- [fill = 0]
                  1028f390    00000012     libmmwavelink_cascade_am273x.aer5f : rl_controller.oer5f (.text.rlAppendDummy)
                  1028f3a2    00000010     drivers.am273x.r5f.ti-arm-clang.release.lib : csirx.obj (.text.CSIRX_commonCombinedEndOfFrameIsr)
                  1028f3b2    00000010                                                 : csirx.obj (.text.CSIRX_commonCombinedEndOfLineIsr)
                  1028f3c2    00000010                                                 : edma.obj (.text.EDMA_ccPaRAMEntry_init)
                  1028f3d2    0000000e     --HOLE-- [fill = 0]
                  1028f3e0    00000010     libmmwave_cascade_am273x.aer5f : mmwave_link_common.oer5f (.text.MMWave_closeLink)
                  1028f3f0    00000010                                    : mmwave_link_spi_22xx.oer5f (.text.MMWave_registerInterruptHandler)
                  1028f400    00000010     freertos.am273x.r5f.ti-arm-clang.release.lib : port.obj (.text.vPortYeildFromISR)
                  1028f410    00000010                                                  : tasks.obj (.text.vTaskInternalSetTimeOutState)
                  1028f420    00000010                                                  : tasks.obj (.text.vTaskSuspendAll)
                  1028f430    0000000e     common.oer5f (.text.Mmwave_populateDefaultCalibrationCfg)
                  1028f43e    00000002     --HOLE-- [fill = 0]
                  1028f440    0000000e     ti_pinmux_config.oer5f (.text.Pinmux_init)
                  1028f44e    00000002     --HOLE-- [fill = 0]
                  1028f450    0000000e     libmmwavelink_cascade_am273x.aer5f : rl_driver.oer5f (.text.rlDriverGetPlatformId)
                  1028f45e    00000002     --HOLE-- [fill = 0]
                  1028f460    0000000c     libmmwave_cascade_am273x.aer5f : mmwave_osal.oer5f (.text.MMWave_osalMutexDelete)
                  1028f46c    00000004     --HOLE-- [fill = 0]
                  1028f470    0000000c                                    : mmwave_osal.oer5f (.text.MMWave_osalMutexUnlock)
                  1028f47c    00000004     --HOLE-- [fill = 0]
                  1028f480    0000000c                                    : mmwave_osal.oer5f (.text.MMWave_osalSemDelete)
                  1028f48c    00000004     --HOLE-- [fill = 0]
                  1028f490    0000000c                                    : mmwave_osal.oer5f (.text.MMWave_osalSemSignal)
                  1028f49c    00000004     --HOLE-- [fill = 0]
                  1028f4a0    0000000c     libmmwavelink_cascade_am273x.aer5f : rl_driver.oer5f (.text.rlDriverConstructOutMsg)
                  1028f4ac    00000004     --HOLE-- [fill = 0]
                  1028f4b0    0000000a                                        : rl_driver.oer5f (.text.rlDriverGetHandle)
                  1028f4ba    00000006     --HOLE-- [fill = 0]
                  1028f4c0    00000006                                        : rl_controller.oer5f (.text.rlGetSubBlockId)
                  1028f4c6    0000000a     --HOLE-- [fill = 0]
                  1028f4d0    00000006                                        : rl_controller.oer5f (.text.rlGetSubBlockLen)
                  1028f4d6    0000000a     --HOLE-- [fill = 0]
                  1028f4e0    00000004     ti_board_open_close.oer5f (.text.Board_driversOpen)
                  1028f4e4    0000000c     --HOLE-- [fill = 0]
                  1028f4f0    00000004     libmmwave_cascade_am273x.aer5f : mmwave_link_spi_22xx.oer5f (.text.MMWave_disableDevice)
                  1028f4f4    0000000c     --HOLE-- [fill = 0]
                  1028f500    00000004                                    : mmwave_listlib.oer5f (.text.MMWave_listGetHead)
                  1028f504    0000000c     --HOLE-- [fill = 0]
                  1028f510    00000004                                    : mmwave_listlib.oer5f (.text.MMWave_listGetNext)
                  1028f514    0000000c     --HOLE-- [fill = 0]
                  1028f520    00000004                                    : mmwave_link_spi_22xx.oer5f (.text.MMWave_spiClose)
                  1028f524    0000000c     --HOLE-- [fill = 0]
                  1028f530    00000004     libclang_rt.builtins.a : aeabi_div0.c.obj (.text.__aeabi_idiv0)
                  1028f534    0000000c     --HOLE-- [fill = 0]
                  1028f540    00000004                            : aeabi_div0.c.obj (.text.__aeabi_ldiv0)
                  1028f544    0000000c     --HOLE-- [fill = 0]
                  1028f550    00000004     libmmwavelink_cascade_am273x.aer5f : rl_device.oer5f (.text.rlDeviceAddDevices)
                  1028f554    0000000c     --HOLE-- [fill = 0]
                  1028f560    00000002     ti_board_open_close.oer5f (.text.Board_driversClose)
                  1028f562    0000000e     --HOLE-- [fill = 0]
                  1028f570    00000002     ti_board_config.oer5f (.text.Board_init)
                  1028f572    0000000e     --HOLE-- [fill = 0]
                  1028f580    00000002     libmmwave_cascade_am273x.aer5f : mmwave_link_spi_22xx.oer5f (.text.MMWave_maskHostIRQ)
                  1028f582    0000000e     --HOLE-- [fill = 0]
                  1028f590    00000002                                    : mmwave_link_spi_22xx.oer5f (.text.MMWave_unmaskHostIRQ)
                  1028f592    0000000e     --HOLE-- [fill = 0]
                  1028f5a0    00000002     ti_dpl_config.oer5f (.text.putchar_)
                  1028f5a2    0000000e     --HOLE-- [fill = 0]

.rodata    0    1028f5b0    00006ec0     
                  1028f5b0    00001f00     libmmwave_cascade_am273x.aer5f : mmwave_link_spi_22xx.oer5f (.rodata.metaImage)
                  102914b0    000007b7     freertos.am273x.r5f.ti-arm-clang.release.lib : tasks.obj (.rodata.str1.1)
                  10291c67    00000756                                                  : queue.obj (.rodata.str1.1)
                  102923bd    000006d7     libmmwave_cascade_am273x.aer5f : mmwave_link_common.oer5f (.rodata.str1.1)
                  10292a94    0000057b                                    : mmwave_fullcfg.oer5f (.rodata.str1.1)
                  1029300f    000004df     ti_drivers_open_close.oer5f (.rodata.str1.1)
                  102934ee    000004b8     libmmwave_cascade_am273x.aer5f : mmwave_link_spi_22xx.oer5f (.rodata.str1.1)
                  102939a6    0000046f     common.oer5f (.rodata.str1.1)
                  10293e15    00000466     main_mss.oer5f (.rodata.str1.1)
[...]
1028ae41  Cascade_LVDSStreamInit               
1028af58  close                                
1028afe5  xTaskCheckForTimeOut                 
1028b071  MMWave_osalSemCreate                 
1028b0fc  __TI_doflush                         
1028b185  pxPortInitialiseStack                
1028b20d  vHeapFree                            
1028b295  CBUFF_initLVDSLinkListParams         
1028b319  CBUFF_setupTransfer                  
1028b4a4  HOSTread                             
1028b528  HOSTwrite                            
1028b5ad  SOC_controlModuleUnlockMMR           
1028b631  rlDeviceFileDownload                 
1028b6c1  MmwCascade_csirxClose                
1028b751  main                                 
1028b855  xTaskPriorityInherit                 
1028b8d5  CSIRX_reset                          
1028b953  EDMA_configureChannelRegion          
1028ba4d  vTaskGetInfo                         
1028bac9  xTaskRemoveFromEventList             
1028bb51  MMWave_osalMutexCreate               
1028bbd1  rlDevicePowerOff                     
1028bc4d  MIBSPI_init                          
1028bd41  MMWave_initCRC                       
1028bdc1  rlDriverHostIrqHandler               
1028be38  snprintf                             
1028bf9d  xQueueGenericReset                   
1028c011  CSIRX_commonGetPendingIntr           
1028c091  MmwCascade_csirxInit                 
1028c101  PowerClock_init                      
1028c170  atoi                                 
1028c1e1  xTimerCreateTimerTask                
1028c251  EDMA_disableTransferRegion           
1028c2bf  EDMA_enableTransferRegion            
1028c32d  EDMA_close                           
1028c398  HOSTunlink                           
1028c411  MMWave_deinitLink                    
1028c481  Mmwave_eventFxn                      
1028c4ec  finddevice                           
1028c561  rlGetSubBlock                        
1028c5cd  xTimerGenericCommand                 
1028c6a9  SOC_controlModuleLockMMR             
1028c711  _DebugP_logZone                      
1028c851  MMWave_deinit                        
1028c8c1  MMWave_open                          
1028c929  SemaphoreP_constructBinary           
1028c991  rlDeviceAdvFrameConfigApply          
1028ca01  rlDeviceFrameConfigApply             
1028ca64  HOSTclose                            
1028cad1  MMWave_config                        
1028cbf1  rlSetFrameConfig                     
1028cc51  MMWave_execute                       
1028ccb1  Drivers_close                        
1028cd0d  CycleCounterP_init                   
1028cd1d  CycleCounterP_nsToTicks              
1028cd45  CycleCounterP_reset                  
1028ce2b  CSIRX_contextGetPendingIntr          
1028cedd  _DebugP_assert                       
1028cf34  __TI_cleanup                         
1028cf8c  __TI_readmsg                         
1028cfe4  __TI_writemsg                        
1028d030  C$$IO$$                              
1028d13d  SemaphoreP_pend                      
1028d190  exit                                 
1028d1f1  rlSetAdvFrameConfig                  
1028d240  __TI_auto_init_nobinit_nopinit       
1028d291  EDMA_disableChInShadowRegRegion      
1028d32c  fclose                               
1028d3d1  rlAppendSubBlock                     
1028d41d  vTaskDelay                           
1028d469  vTaskPlaceOnEventListRestricted      
1028d4b5  SemaphoreP_post                      
1028d501  rlDeviceSetCsi2Config                
1028d551  rlDeviceSetDataFmtConfig             
1028d5a1  rlDeviceSetDataPathClkConfig         
1028d5f1  rlDeviceSetDataPathConfig            
1028d641  rlDeviceSetLaneConfig                
1028d691  rlDeviceSetMiscConfig                
1028d6dd  ClockP_getTimeUsec                   
1028d731  MmwCascade_csirxCombinedEOFcallback  
1028d781  MmwCascade_csirxOpen                 
1028d7c8  memccpy                              
1028d810  unlink                               
1028d859  xQueueGiveMutexRecursive             
1028d8a1  CRC_initialize                       
1028d8f1  MMWave_close                         
1028d941  MMWave_listCat                       
1028d991  MMWave_stop                          
1028d9d7  vHeapCreateStatic                    
1028da1d  vQueueWaitForMessageRestricted       
1028daa9  SemaphoreP_constructMutex            
1028db31  xQueueTakeMutexRecursive             
1028db75  EDMA_mapChToEvtQ                     
1028dbf5  vTaskPlaceOnEventList                
1028dc35  CSIRX_contextSetPingPongAddress      
1028dc75  EDMA_getBaseAddr                     
1028dcb1  MMWave_internalLinkSync              
1028dd71  Dpl_init                             
1028ddf1  rlDeviceRfStart                      
1028dea1  Mmwave_ctrlTask                      
1028dee1  rlDeviceSetHsiClk                    
1028df21  rlEnableContMode                     
1028df61  rlRfGetTemperatureReport             
1028dfa1  rlRfInit                             
1028dfe1  rlRfInitCalibConfig                  
1028e021  rlRfRunTimeCalibConfig               
1028e061  rlRfSetCalMonFreqLimitConfig         
1028e0a1  rlRfSetCalMonTimeUnitConfig          
1028e0e1  rlRfSetDeviceCfg                     
1028e121  rlRfSetLdoBypassConfig               
1028e161  rlRfSetMiscConfig                    
1028e1a1  rlSensorStart                        
1028e1e1  rlSensorStop                         
1028e221  rlSetAdcOutConfig                    
1028e261  rlSetAdvChirpConfig                  
1028e2a1  rlSetBpmCommonConfig                 
1028e2e1  rlSetChannelConfig                   
1028e321  rlSetContModeConfig                  
1028e361  rlSetLowPowerModeConfig              
1028e399  vApplicationLoadHook                 
1028e3d1  vQueueDelete                         
1028e409  ClockP_usleep                        
1028e43d  EDMA_clrMissEvtRegion                
1028e471  HeapP_construct                      
1028e4d8  lseek                                
1028e50c  puts                                 
1028e540  write                                
1028e5d9  EDMA_unmapChToEvtQ                   
1028e60b  MIBSPI_edmaOpen                      
1028e63d  CBUFF_closeLVDS                      
1028e69d  GPIO_markHighLowLevelInterrupt       
1028e72c  CycleCounterP_getCount32             
1028e734  PmuP_setup                           
1028e73c  PmuP_enableCounters                  
1028e744  PmuP_disableCounters                 
1028e74c  PmuP_getOverflowStatus               
1028e754  PmuP_clearOverflowStatus             
1028e75d  xTaskGetIdleTaskHandle               
1028e78d  CRC_channelReset                     
1028e7e9  EDMA_enableChInShadowRegRegion       
1028e817  GPIO_setTrigType                     
1028e845  Pinmux_config                        
1028e873  vListInsert                          
1028e8a1  ClockP_timerTickIsr                  
1028e8cd  EDMA_getHandle                       
1028e94d  CRC_getPSASig                        
1028e975  CRC_getPSASigRegAddr                 
1028e99d  CSIRX_contextClearAllIntr            
1028e9c5  EDMA_disableTccInShadowRegRegion     
1028ea21  MMWave_decodeError                   
1028ea49  vApplicationStackOverflowHook        
1028ea71  vQueueUnregisterQueue                
1028ea99  EDMA_enableTccInShadowRegRegion      
1028eabf  EDMA_setPaRAM                        
1028eb11  System_init                          
1028eb39  CSIRX_init                           
1028eb5d  ClockP_sleep                         
1028eb81  TimerP_Params_init                   
1028ec11  uxListRemove                         
1028ec35  vQueueAddToRegistry                  
1028ec59  vTaskExitCritical                    
1028ec7c  __aeabi_uldivmod                     
1028eca1  CSIRX_complexioGetPowerStatus        
1028ecc3  CSIRX_complexioIsResetDone           
1028ece5  EDMA_linkChannel                     
1028ed07  GPIO_setDirMode                      
1028ed6b  CSIRX_commonDisable                  
1028ed8b  CSIRX_commonEnable                   
1028edab  CSIRX_complexioDeassertReset         
1028edcb  CSIRX_complexioSetPowerCommand       
1028eded  DebugP_logZoneEnable                 
1028ee4c  wcslen                               
1028ee8b  CSIRX_commonClearAllIntr             
1028eea7  CSIRX_complexioClearAllIntr          
1028eec3  HeapP_alloc                          
1028eee1  MMWave_listRemove                    
1028eefd  SOC_rcmGetR5Clock                    
1028ef6d  vApplicationGetIdleTaskMemory        
1028ef89  vApplicationGetTimerTaskMemory       
1028efa5  vPortTimerTickHandler                
1028efc1  vprintf_                             
1028efdd  xQueueCreateMutexStatic              
1028eff9  xTaskGetSchedulerState               
1028f014  TI_memcpy_small                      
1028f030  __aeabi_memset                       
1028f030  __aeabi_memset4                      
1028f030  __aeabi_memset8                      
1028f040  __aeabi_memclr                       
1028f040  __aeabi_memclr4                      
1028f040  __aeabi_memclr8                      
1028f04d  CBUFF_finalizeLVDSLinkListParams     
1028f067  CSL_armR5GetCpuID                    
1028f081  GPIO_clearInterrupt                  
1028f09b  GPIO_enableInterrupt                 
1028f0b5  HeapP_free                           
1028f0d1  MMWave_listAdd                       
1028f0f1  rlDriverIsDeviceMapValid             
1028f10b  vListInsertEnd                       
1028f125  vPortFree                            
1028f13f  CBUFF_shutdownTransfer               
1028f157  GPIO_pinRead                         
1028f171  MMWave_osalMutexLock                 
1028f1a9  TimerP_getCount                      
1028f1c1  _system_pre_init                     
1028f1f1  pvTaskIncrementMutexHeldCount        
1028f211  rlDriverFillPayload                  
1028f229  vTaskEnterCritical                   
1028f241  xPortStartScheduler                  
1028f259  xTaskGetTickCount                    
1028f270  TI_memset_small                      
1028f289  GPIO_pinWriteHigh                    
1028f29f  GPIO_pinWriteLow                     
1028f2b5  vListInitialise                      
1028f2f5  ClockP_usecToTicks                   
1028f309  EDMA_dmaSetPaRAMEntry                
1028f31d  EDMA_getRegionId                     
1028f331  MMWave_encodeError                   
1028f345  SOC_rcmIsR5FInLockStepMode           
1028f371  MMWave_osalSemWait                   
1028f391  rlAppendDummy                        
1028f3c3  EDMA_ccPaRAMEntry_init               
1028f3e1  MMWave_closeLink                     
1028f401  vPortYeildFromISR                    
1028f411  vTaskInternalSetTimeOutState         
1028f421  vTaskSuspendAll                      
1028f431  Mmwave_populateDefaultCalibrationCfg 
1028f441  Pinmux_init                          
1028f451  rlDriverGetPlatformId                
1028f461  MMWave_osalMutexDelete               
1028f471  MMWave_osalMutexUnlock               
1028f481  MMWave_osalSemDelete                 
1028f491  MMWave_osalSemSignal                 
1028f4a1  rlDriverConstructOutMsg              
1028f4b1  rlDriverGetHandle                    
1028f4c1  rlGetSubBlockId                      
1028f4d1  rlGetSubBlockLen                     
1028f4e1  Board_driversOpen                    
1028f501  MMWave_listGetHead                   
1028f511  MMWave_listGetNext                   
1028f530  __aeabi_idiv0                        
1028f540  __aeabi_ldiv0                        
1028f551  rlDeviceAddDevices                   
1028f561  Board_driversClose                   
1028f571  Board_init                           
1028f5a1  putchar_                             
10295cbc  gCacheL1dCacheLineSize               
10295cc0  __aeabi_ctype_table_                 
10295cc0  __aeabi_ctype_table_C                
102961d4  gCacheL1pCacheLineSize               
10296228  gMpuRegionConfig                     
10296360  gSocRcmPeripheralClkSrcInfoMap       
1029644c  gMpuConfig                           
10296458  gCacheConfig                         
10296460  uxTopUsedPriority                    
10296480  advChirpLUTBuf                       
10299480  gCbuffSession                        
1029bd7c  __TI_ft_end                          
1029e090  rl_rxMsg                             
1029e290  rl_txMsg                             
1029e5b0  _ftable                              
1029e6a0  gMibspiOpenParams                    
1029e778  gMmwCascadeMCB                       
1029e988  gCsirxCommonConfig                   
1029eaa0  _device                              
1029eb84  gCsirxPhyEnable                      
1029eb88  gCsirxDphyConfig                     
1029eba0  gCsirxComplexioConfig                
1029ebec  _stream                              
1029ec3c  gSocModules                          
1029ec50  gSocModulesClockFrequency            
1029ec80  pxCurrentTCB                         
1029ec84  FreeRTOS_errno                       
1029ecc0  phaseShifChirpCfgDev1                
1029ed00  phaseShifChirpCfgDev2                
1029ed40  gConfigCsirx0ContextConfig           
1029ed7c  gConfigCsirx1ContextConfig           
1029edb8  gCBUFFInterfaceFxn                   
1029edf0  gCbuffAttrs                          
1029ee20  gCsirxHwAttrs_csirxA_r5f             
1029ee50  gCsirxHwAttrs_csirxB_r5f             
1029ee80  gEdmaConfig                          
1029ee98  gMibspiConfig                        
1029eeb0  gClockConfig                         
1029eec4  ulCriticalNesting                    
1029eec8  ulPortYieldRequired                  
1029eecc  ulPortInterruptNesting               
1029eed0  ulPortSchedularRunning               
1029eed4  gMaxTxTemp                           
1029eed8  gTempStat1                           
1029eedc  gTempStat2                           
1029eee0  gTempPolls                           
1029eee4  gCsirxConfig                         
1029eef4  MCPI_Result                          
1029eef8  MCPI_FailSignature                   
1029ef00  gEdmaParams                          
1029ef0c  csirx0CommonCallBackArg              
1029ef10  csirx1CommonCallBackArg              
1029ef1c  __TI_cleanup_ptr                     
1029ef20  __TI_dtors_ptr                       
1029ef24  __aeabi_errno                        
1029ef38  _lock                                
1029ef3c  _unlock                              
1029ef40  gAsyncCount                          
1029ef44  gCbuffObjectPtr                      
1029ef48  gCsirxConfigNum                      
1029ef4c  gDebugLogZone                        
1029ef50  gEdmaConfigNum                       
1029ef54  gHwiConfig                           
1029ef58  gMCPILogMessageSize                  
1029ef5c  gMibspiConfigNum                     
1029ef60  gReadBufIndex                        
1029ef64  gWriteBufIndex                       
1029ef6c  ulPortTaskHasFPUContext              
1029ef73  isMapAvailable                       
1029ef75  pmicRegRead                          
1029efc1  HwiP_enableInt                       
1029efe9  HwiP_disableInt                      
1029f019  HwiP_restoreInt                      
1029f025  HwiP_clearInt                        
1029f045  HwiP_post                            
1029f06d  HwiP_Params_init                     
1029f081  HwiP_construct                       
1029f1a9  HwiP_destruct                        
1029f221  HwiP_init                            
1029f2e1  HwiP_inISR                           
1029f2f4  vPortRestoreTaskContext              
1029f32c  HwiP_svc_handler                     
1029f39c  HwiP_irq_handler                     
1029f4e1  HwiP_irq_handler_c                   
1029f571  HwiP_fiq_handler                     
1029f5f1  HwiP_reserved_handler                
1029f617  HwiP_undefined_handler               
1029f63d  HwiP_prefetch_abort_handler          
1029f663  HwiP_data_abort_handler              
1029f688  HwiP_disable                         
1029f698  HwiP_disableFIQ                      
1029f6a8  HwiP_enable                          
1029f6b8  HwiP_enableFIQ                       
1029f6c8  HwiP_restore                         
1029f6d0  HwiP_enableVIC                       
1029f6e0  HwiP_disableVIC                      
1029f6f0  HwiP_getCPSR                         
1029f700  CacheP_disableL1d                    
1029f728  CacheP_disableL1p                    
1029f740  CacheP_enableL1d                     
1029f758  CacheP_enableL1p                     
1029f770  CacheP_invL1d                        
1029f7a8  CacheP_invL1p                        
1029f7e4  CacheP_invL1dAll                     
1029f7ec  CacheP_invL1pAll                     
1029f7f4  CacheP_wb                            
1029f830  CacheP_wbInv                         
1029f86c  CacheP_wbAll                         
1029f914  CacheP_wbInvAll                      
1029f92c  CacheP_wbInvAllAsm                   
1029f9cc  CacheP_getEnabled                    
1029fa04  CacheP_getCacheLevelInfo             
1029fa10  CacheP_configForceWrThru             
1029fa30  CacheP_setDLFO                       
1029fa41  CacheP_init                          
1029fa99  CacheP_disable                       
1029fad3  CacheP_enable                        
1029faf3  CacheP_inv                           
1029fb31  MpuP_RegionAttrs_init                
1029fb3f  MpuP_setRegion                       
1029fbe3  MpuP_enable                          
1029fc1b  MpuP_disable                         
1029fc4d  MpuP_isEnable                        
1029fc51  MpuP_init                            
1029fcb0  MpuP_disableAsm                      
1029fcc8  MpuP_disableBRAsm                    
1029fcd8  MpuP_enableAsm                       
1029fcf0  MpuP_enableBRAsm                     
1029fd00  MpuP_isEnableAsm                     
1029fd14  MpuP_setRegionAsm                    
1029fd40  _c_int00_sbl                         
1029fd64  _c_int00                             
1029fe3d  _DebugP_assertNoLog                  
1029fe61  __mpu_init                           
1029fe70  C$$EXIT                              
1029fe70  abort                                
1029fe78  __IRQ_STACK_START                    
1029ff78  __FIQ_STACK_START                    
1029ff78  __IRQ_STACK_END                      
102a0078  __FIQ_STACK_END                      
102a0078  __SVC_STACK_START                    
102a1078  __ABORT_STACK_START                  
102a1078  __SVC_STACK_END                      
102a1178  __ABORT_STACK_END                    
102a1178  __UNDEFINED_STACK_START              
102a1278  __UNDEFINED_STACK_END                
88000000  CSIA_PongBuf                         
88001000  CSIB_PongBuf                         
88002000  CSIA_PingBuf                         
88003000  CSIB_PingBuf                         
88004000  gLvdsHeader                          
88004040  MCPI_logMessage                      
ffffffff  __TI_pprof_out_hndl                  
ffffffff  __TI_prof_data_size                  
ffffffff  __TI_prof_data_start                 
ffffffff  __binit__                            
ffffffff  binit                                
UNDEFED   __TI_CINIT_Base                      
UNDEFED   __TI_CINIT_Limit                     
UNDEFED   __TI_Handler_Table_Base              
UNDEFED   __TI_Handler_Table_Limit             
UNDEFED   _system_post_cinit                   

[624 symbols]
